Component: ARM Compiler 5.06 update 5 (build 528) Tool: armlink [4d35e2]

==============================================================================

Section Cross References

    user_diskio.o(i.USER_initialize) refers to fatfs_sd.o(i.SD_disk_initialize) for SD_disk_initialize
    user_diskio.o(i.USER_ioctl) refers to fatfs_sd.o(i.SD_disk_ioctl) for SD_disk_ioctl
    user_diskio.o(i.USER_read) refers to fatfs_sd.o(i.SD_disk_read) for SD_disk_read
    user_diskio.o(i.USER_status) refers to fatfs_sd.o(i.SD_disk_status) for SD_disk_status
    user_diskio.o(i.USER_write) refers to fatfs_sd.o(i.SD_disk_write) for SD_disk_write
    user_diskio.o(.data) refers to user_diskio.o(i.USER_initialize) for USER_initialize
    user_diskio.o(.data) refers to user_diskio.o(i.USER_status) for USER_status
    user_diskio.o(.data) refers to user_diskio.o(i.USER_read) for USER_read
    user_diskio.o(.data) refers to user_diskio.o(i.USER_write) for USER_write
    user_diskio.o(.data) refers to user_diskio.o(i.USER_ioctl) for USER_ioctl
    fatfs.o(i.MX_FATFS_Init) refers to ff_gen_drv.o(i.FATFS_LinkDriver) for FATFS_LinkDriver
    fatfs.o(i.MX_FATFS_Init) refers to fatfs.o(.data) for .data
    fatfs.o(i.MX_FATFS_Init) refers to user_diskio.o(.data) for USER_Driver
    main.o(i.MX_GPIO_Init) refers to stm32f1xx_hal_gpio.o(i.HAL_GPIO_WritePin) for HAL_GPIO_WritePin
    main.o(i.MX_GPIO_Init) refers to stm32f1xx_hal_gpio.o(i.HAL_GPIO_Init) for HAL_GPIO_Init
    main.o(i.MX_SPI1_Init) refers to stm32f1xx_hal_spi_ex.o(i.HAL_SPI_Init) for HAL_SPI_Init
    main.o(i.MX_SPI1_Init) refers to main.o(.bss) for .bss
    main.o(i.SystemClock_Config) refers to stm32f1xx_hal_rcc.o(i.HAL_RCC_OscConfig) for HAL_RCC_OscConfig
    main.o(i.SystemClock_Config) refers to stm32f1xx_hal_rcc.o(i.HAL_RCC_ClockConfig) for HAL_RCC_ClockConfig
    main.o(i.SystemClock_Config) refers to stm32f1xx_hal_rcc.o(i.HAL_RCC_GetHCLKFreq) for HAL_RCC_GetHCLKFreq
    main.o(i.SystemClock_Config) refers to stm32f1xx_hal_cortex.o(i.HAL_SYSTICK_Config) for HAL_SYSTICK_Config
    main.o(i.SystemClock_Config) refers to stm32f1xx_hal_cortex.o(i.HAL_SYSTICK_CLKSourceConfig) for HAL_SYSTICK_CLKSourceConfig
    main.o(i.SystemClock_Config) refers to stm32f1xx_hal_cortex.o(i.HAL_NVIC_SetPriority) for HAL_NVIC_SetPriority
    main.o(i.main) refers to stm32f1xx_hal.o(i.HAL_Init) for HAL_Init
    main.o(i.main) refers to main.o(i.SystemClock_Config) for SystemClock_Config
    main.o(i.main) refers to main.o(i.MX_GPIO_Init) for MX_GPIO_Init
    main.o(i.main) refers to main.o(i.MX_SPI1_Init) for MX_SPI1_Init
    main.o(i.main) refers to fatfs.o(i.MX_FATFS_Init) for MX_FATFS_Init
    main.o(i.main) refers to ff.o(i.f_mount) for f_mount
    main.o(i.main) refers to ff.o(i.f_open) for f_open
    main.o(i.main) refers to ff.o(i.f_getfree) for f_getfree
    main.o(i.main) refers to dfltui.o(.text) for __aeabi_ui2d
    main.o(i.main) refers to dscalb.o(.text) for __ARM_scalbn
    main.o(i.main) refers to dfixui.o(.text) for __aeabi_d2uiz
    main.o(i.main) refers to ff.o(i.f_puts) for f_puts
    main.o(i.main) refers to ff.o(i.f_close) for f_close
    main.o(i.main) refers to ff.o(i.f_gets) for f_gets
    main.o(i.main) refers to main.o(.bss) for .bss
    main.o(i.main) refers to main.o(.data) for .data
    stm32f1xx_hal_msp.o(i.HAL_MspInit) refers to stm32f1xx_hal_cortex.o(i.HAL_NVIC_SetPriorityGrouping) for HAL_NVIC_SetPriorityGrouping
    stm32f1xx_hal_msp.o(i.HAL_MspInit) refers to stm32f1xx_hal_cortex.o(i.HAL_NVIC_SetPriority) for HAL_NVIC_SetPriority
    stm32f1xx_hal_msp.o(i.HAL_SPI_MspDeInit) refers to stm32f1xx_hal_gpio.o(i.HAL_GPIO_DeInit) for HAL_GPIO_DeInit
    stm32f1xx_hal_msp.o(i.HAL_SPI_MspInit) refers to stm32f1xx_hal_gpio.o(i.HAL_GPIO_Init) for HAL_GPIO_Init
    stm32f1xx_it.o(i.SDTimer_Handler) refers to stm32f1xx_it.o(.data) for .data
    stm32f1xx_it.o(i.SysTick_Handler) refers to stm32f1xx_it.o(i.SDTimer_Handler) for SDTimer_Handler
    stm32f1xx_it.o(i.SysTick_Handler) refers to stm32f1xx_hal.o(i.HAL_IncTick) for HAL_IncTick
    stm32f1xx_it.o(i.SysTick_Handler) refers to stm32f1xx_hal_cortex.o(i.HAL_SYSTICK_IRQHandler) for HAL_SYSTICK_IRQHandler
    stm32f1xx_it.o(i.SysTick_Handler) refers to stm32f1xx_it.o(.data) for .data
    fatfs_sd.o(i.DESELECT) refers to stm32f1xx_hal_gpio.o(i.HAL_GPIO_WritePin) for HAL_GPIO_WritePin
    fatfs_sd.o(i.SD_PowerOn) refers to fatfs_sd.o(i.DESELECT) for DESELECT
    fatfs_sd.o(i.SD_PowerOn) refers to fatfs_sd.o(i.SPI_TxByte) for SPI_TxByte
    fatfs_sd.o(i.SD_PowerOn) refers to fatfs_sd.o(i.SELECT) for SELECT
    fatfs_sd.o(i.SD_PowerOn) refers to fatfs_sd.o(i.SPI_RxByte) for SPI_RxByte
    fatfs_sd.o(i.SD_PowerOn) refers to fatfs_sd.o(.data) for .data
    fatfs_sd.o(i.SD_ReadyWait) refers to fatfs_sd.o(i.SPI_RxByte) for SPI_RxByte
    fatfs_sd.o(i.SD_ReadyWait) refers to stm32f1xx_it.o(.data) for Timer2
    fatfs_sd.o(i.SD_RxDataBlock) refers to fatfs_sd.o(i.SPI_RxByte) for SPI_RxByte
[...]
    ff.o(i.f_mkdir) refers to ff.o(i.sync_window) for sync_window
    ff.o(i.f_mkdir) refers to ff.o(i.clust2sect) for clust2sect
    ff.o(i.f_mkdir) refers to ff.o(i.mem_set) for mem_set
    ff.o(i.f_mkdir) refers to ff.o(i.st_clust) for st_clust
    ff.o(i.f_mkdir) refers to ff.o(i.mem_cpy) for mem_cpy
    ff.o(i.f_mkdir) refers to ff.o(i.dir_register) for dir_register
    ff.o(i.f_mkdir) refers to ff.o(i.remove_chain) for remove_chain
    ff.o(i.f_mkdir) refers to ff.o(i.sync_fs) for sync_fs
    ff.o(i.f_mkdir) refers to ff.o(.bss) for .bss
    ff.o(i.f_mkfs) refers to ff.o(i.get_ldnumber) for get_ldnumber
    ff.o(i.f_mkfs) refers to diskio.o(i.disk_initialize) for disk_initialize
    ff.o(i.f_mkfs) refers to diskio.o(i.disk_ioctl) for disk_ioctl
    ff.o(i.f_mkfs) refers to ff.o(i.mem_set) for mem_set
    ff.o(i.f_mkfs) refers to diskio.o(i.disk_write) for disk_write
    ff.o(i.f_mkfs) refers to ff.o(i.mem_cpy) for mem_cpy
    ff.o(i.f_mkfs) refers to fatfs.o(i.get_fattime) for get_fattime
    ff.o(i.f_mkfs) refers to ff.o(.data) for .data
    ff.o(i.f_mkfs) refers to ff.o(.constdata) for .constdata
    ff.o(i.f_mount) refers to ff.o(i.get_ldnumber) for get_ldnumber
    ff.o(i.f_mount) refers to ff.o(i.clear_lock) for clear_lock
    ff.o(i.f_mount) refers to ff.o(i.find_volume) for find_volume
    ff.o(i.f_mount) refers to ff.o(.data) for .data
    ff.o(i.f_open) refers to ff.o(i.find_volume) for find_volume
    ff.o(i.f_open) refers to ff.o(i.follow_path) for follow_path
    ff.o(i.f_open) refers to ff.o(i.chk_lock) for chk_lock
    ff.o(i.f_open) refers to ff.o(i.dir_register) for dir_register
    ff.o(i.f_open) refers to fatfs.o(i.get_fattime) for get_fattime
    ff.o(i.f_open) refers to ff.o(i.ld_clust) for ld_clust
    ff.o(i.f_open) refers to ff.o(i.st_clust) for st_clust
    ff.o(i.f_open) refers to ff.o(i.remove_chain) for remove_chain
    ff.o(i.f_open) refers to ff.o(i.move_window) for move_window
    ff.o(i.f_open) refers to ff.o(i.inc_lock) for inc_lock
    ff.o(i.f_open) refers to ff.o(.bss) for .bss
    ff.o(i.f_opendir) refers to ff.o(i.find_volume) for find_volume
    ff.o(i.f_opendir) refers to ff.o(i.follow_path) for follow_path
    ff.o(i.f_opendir) refers to ff.o(i.ld_clust) for ld_clust
    ff.o(i.f_opendir) refers to ff.o(i.dir_sdi) for dir_sdi
    ff.o(i.f_opendir) refers to ff.o(i.inc_lock) for inc_lock
    ff.o(i.f_opendir) refers to ff.o(.bss) for .bss
    ff.o(i.f_printf) refers to ff.o(i.putc_bfd) for putc_bfd
    ff.o(i.f_printf) refers to ff.o(i.f_write) for f_write
    ff.o(i.f_putc) refers to ff.o(i.putc_bfd) for putc_bfd
    ff.o(i.f_putc) refers to ff.o(i.f_write) for f_write
    ff.o(i.f_puts) refers to ff.o(i.putc_bfd) for putc_bfd
    ff.o(i.f_puts) refers to ff.o(i.f_write) for f_write
    ff.o(i.f_read) refers to ff.o(i.validate) for validate
    ff.o(i.f_read) refers to ff.o(i.clmt_clust) for clmt_clust
    ff.o(i.f_read) refers to ff.o(i.get_fat) for get_fat
    ff.o(i.f_read) refers to ff.o(i.clust2sect) for clust2sect
    ff.o(i.f_read) refers to diskio.o(i.disk_read) for disk_read
    ff.o(i.f_read) refers to ff.o(i.mem_cpy) for mem_cpy
    ff.o(i.f_read) refers to diskio.o(i.disk_write) for disk_write
    ff.o(i.f_readdir) refers to ff.o(i.validate) for validate
    ff.o(i.f_readdir) refers to ff.o(i.dir_read) for dir_read
    ff.o(i.f_readdir) refers to ff.o(i.get_fileinfo) for get_fileinfo
    ff.o(i.f_readdir) refers to ff.o(i.dir_next) for dir_next
    ff.o(i.f_readdir) refers to ff.o(i.dir_sdi) for dir_sdi
    ff.o(i.f_readdir) refers to ff.o(.bss) for .bss
    ff.o(i.f_rename) refers to ff.o(i.find_volume) for find_volume
    ff.o(i.f_rename) refers to ff.o(i.follow_path) for follow_path
    ff.o(i.f_rename) refers to ff.o(i.chk_lock) for chk_lock
    ff.o(i.f_rename) refers to ff.o(i.mem_cpy) for mem_cpy
    ff.o(i.f_rename) refers to ff.o(i.get_ldnumber) for get_ldnumber
    ff.o(i.f_rename) refers to ff.o(i.dir_register) for dir_register
    ff.o(i.f_rename) refers to ff.o(i.ld_clust) for ld_clust
    ff.o(i.f_rename) refers to ff.o(i.clust2sect) for clust2sect
    ff.o(i.f_rename) refers to ff.o(i.move_window) for move_window
    ff.o(i.f_rename) refers to ff.o(i.st_clust) for st_clust
    ff.o(i.f_rename) refers to ff.o(i.dir_remove) for dir_remove
    ff.o(i.f_rename) refers to ff.o(i.sync_fs) for sync_fs
    ff.o(i.f_rename) refers to ff.o(.bss) for .bss
    ff.o(i.f_stat) refers to ff.o(i.find_volume) for find_volume
    ff.o(i.f_stat) refers to ff.o(i.follow_path) for follow_path
    ff.o(i.f_stat) refers to ff.o(i.get_fileinfo) for get_fileinfo
    ff.o(i.f_stat) refers to ff.o(.bss) for .bss
    ff.o(i.f_sync) refers to ff.o(i.validate) for validate
    ff.o(i.f_sync) refers to diskio.o(i.disk_write) for disk_write
    ff.o(i.f_sync) refers to ff.o(i.move_window) for move_window
    ff.o(i.f_sync) refers to ff.o(i.st_clust) for st_clust
    ff.o(i.f_sync) refers to fatfs.o(i.get_fattime) for get_fattime
    ff.o(i.f_sync) refers to ff.o(i.sync_fs) for sync_fs
    ff.o(i.f_truncate) refers to ff.o(i.validate) for validate
    ff.o(i.f_truncate) refers to ff.o(i.get_fat) for get_fat
    ff.o(i.f_truncate) refers to ff.o(i.remove_chain) for remove_chain
    ff.o(i.f_truncate) refers to ff.o(i.put_fat) for put_fat
    ff.o(i.f_truncate) refers to diskio.o(i.disk_write) for disk_write
    ff.o(i.f_unlink) refers to ff.o(i.find_volume) for find_volume
    ff.o(i.f_unlink) refers to ff.o(i.follow_path) for follow_path
    ff.o(i.f_unlink) refers to ff.o(i.chk_lock) for chk_lock
    ff.o(i.f_unlink) refers to ff.o(i.ld_clust) for ld_clust
    ff.o(i.f_unlink) refers to ff.o(i.mem_cpy) for mem_cpy
    ff.o(i.f_unlink) refers to ff.o(i.dir_sdi) for dir_sdi
    ff.o(i.f_unlink) refers to ff.o(i.dir_read) for dir_read
    ff.o(i.f_unlink) refers to ff.o(i.dir_remove) for dir_remove
    ff.o(i.f_unlink) refers to ff.o(i.remove_chain) for remove_chain
    ff.o(i.f_unlink) refers to ff.o(i.sync_fs) for sync_fs
    ff.o(i.f_unlink) refers to ff.o(.bss) for .bss
    ff.o(i.f_utime) refers to ff.o(i.find_volume) for find_volume
    ff.o(i.f_utime) refers to ff.o(i.follow_path) for follow_path
    ff.o(i.f_utime) refers to ff.o(i.sync_fs) for sync_fs
    ff.o(i.f_utime) refers to ff.o(.bss) for .bss
    ff.o(i.f_write) refers to ff.o(i.validate) for validate
    ff.o(i.f_write) refers to ff.o(i.clmt_clust) for clmt_clust
    ff.o(i.f_write) refers to ff.o(i.create_chain) for create_chain
    ff.o(i.f_write) refers to diskio.o(i.disk_write) for disk_write
    ff.o(i.f_write) refers to ff.o(i.clust2sect) for clust2sect
    ff.o(i.f_write) refers to ff.o(i.mem_cpy) for mem_cpy
    ff.o(i.f_write) refers to diskio.o(i.disk_read) for disk_read
    ff.o(i.find_volume) refers to ff.o(i.get_ldnumber) for get_ldnumber
    ff.o(i.find_volume) refers to diskio.o(i.disk_status) for disk_status
    ff.o(i.find_volume) refers to diskio.o(i.disk_initialize) for disk_initialize
    ff.o(i.find_volume) refers to diskio.o(i.disk_ioctl) for disk_ioctl
    ff.o(i.find_volume) refers to ff.o(i.check_fs) for check_fs
    ff.o(i.find_volume) refers to ff.o(i.move_window) for move_window
    ff.o(i.find_volume) refers to ff.o(i.clear_lock) for clear_lock
    ff.o(i.find_volume) refers to ff.o(.data) for .data
    ff.o(i.follow_path) refers to ff.o(i.dir_sdi) for dir_sdi
    ff.o(i.follow_path) refers to ff.o(i.create_name) for create_name
    ff.o(i.follow_path) refers to ff.o(i.dir_find) for dir_find
    ff.o(i.follow_path) refers to ff.o(i.ld_clust) for ld_clust
    ff.o(i.gen_numname) refers to ff.o(i.mem_cpy) for mem_cpy
    ff.o(i.get_fat) refers to ff.o(i.move_window) for move_window
    ff.o(i.get_fileinfo) refers to ccsbcs.o(i.ff_convert) for ff_convert
    ff.o(i.inc_lock) refers to ff.o(.bss) for .bss
    ff.o(i.move_window) refers to ff.o(i.sync_window) for sync_window
    ff.o(i.move_window) refers to diskio.o(i.disk_read) for disk_read
    ff.o(i.put_fat) refers to ff.o(i.move_window) for move_window
    ff.o(i.putc_bfd) refers to ff.o(i.f_write) for f_write
    ff.o(i.remove_chain) refers to ff.o(i.get_fat) for get_fat
    ff.o(i.remove_chain) refers to ff.o(i.put_fat) for put_fat
    ff.o(i.sync_fs) refers to ff.o(i.sync_window) for sync_window
    ff.o(i.sync_fs) refers to ff.o(i.mem_set) for mem_set
    ff.o(i.sync_fs) refers to diskio.o(i.disk_write) for disk_write
    ff.o(i.sync_fs) refers to diskio.o(i.disk_ioctl) for disk_ioctl
    ff.o(i.sync_window) refers to diskio.o(i.disk_write) for disk_write
    ff.o(i.validate) refers to diskio.o(i.disk_status) for disk_status
    ccsbcs.o(i.ff_convert) refers to ccsbcs.o(.constdata) for .constdata
    ccsbcs.o(i.ff_wtoupper) refers to ccsbcs.o(.constdata) for .constdata
    diskio.o(i.disk_initialize) refers to ff_gen_drv.o(.bss) for disk
    diskio.o(i.disk_ioctl) refers to ff_gen_drv.o(.bss) for disk
    diskio.o(i.disk_read) refers to ff_gen_drv.o(.bss) for disk
    diskio.o(i.disk_status) refers to ff_gen_drv.o(.bss) for disk
    diskio.o(i.disk_write) refers to ff_gen_drv.o(.bss) for disk
    ff_gen_drv.o(i.FATFS_GetAttachedDriversNbr) refers to ff_gen_drv.o(.bss) for .bss
    ff_gen_drv.o(i.FATFS_LinkDriver) refers to ff_gen_drv.o(i.FATFS_LinkDriverEx) for FATFS_LinkDriverEx
    ff_gen_drv.o(i.FATFS_LinkDriverEx) refers to ff_gen_drv.o(.bss) for .bss
    ff_gen_drv.o(i.FATFS_UnLinkDriver) refers to ff_gen_drv.o(i.FATFS_UnLinkDriverEx) for FATFS_UnLinkDriverEx
    ff_gen_drv.o(i.FATFS_UnLinkDriverEx) refers to ff_gen_drv.o(.bss) for .bss
    entry.o(.ARM.Collect$$$$00000000) refers (Special) to entry10a.o(.ARM.Collect$$$$0000000D) for __rt_final_cpp
    entry.o(.ARM.Collect$$$$00000000) refers (Special) to entry11a.o(.ARM.Collect$$$$0000000F) for __rt_final_exit
    entry.o(.ARM.Collect$$$$00000000) refers (Special) to entry7b.o(.ARM.Collect$$$$00000008) for _main_clock
    entry.o(.ARM.Collect$$$$00000000) refers (Special) to entry8b.o(.ARM.Collect$$$$0000000A) for _main_cpp_init
    entry.o(.ARM.Collect$$$$00000000) refers (Special) to entry9a.o(.ARM.Collect$$$$0000000B) for _main_init
    entry.o(.ARM.Collect$$$$00000000) refers (Special) to entry5.o(.ARM.Collect$$$$00000004) for _main_scatterload
    entry.o(.ARM.Collect$$$$00000000) refers (Special) to entry2.o(.ARM.Collect$$$$00000001) for _main_stk
    dscalb.o(.text) refers (Special) to iusefp.o(.text) for __I$use$fp
    dfltui.o(.text) refers (Special) to iusefp.o(.text) for __I$use$fp
    dfltui.o(.text) refers to depilogue.o(.text) for _double_epilogue
    dfixui.o(.text) refers (Special) to iusefp.o(.text) for __I$use$fp
    dfixui.o(.text) refers to llushr.o(.text) for __aeabi_llsr
    entry2.o(.ARM.Collect$$$$00000001) refers to entry2.o(.ARM.Collect$$$$00002712) for __lit__00000000
    entry2.o(.ARM.Collect$$$$00002712) refers to startup_stm32f103xb.o(STACK) for __initial_sp
    entry2.o(__vectab_stack_and_reset_area) refers to startup_stm32f103xb.o(STACK) for __initial_sp
    entry2.o(__vectab_stack_and_reset_area) refers to entry.o(.ARM.Collect$$$$00000000) for __main
    entry5.o(.ARM.Collect$$$$00000004) refers to init.o(.text) for __scatterload
    entry9a.o(.ARM.Collect$$$$0000000B) refers to main.o(i.main) for main
    entry9b.o(.ARM.Collect$$$$0000000C) refers to main.o(i.main) for main
    depilogue.o(.text) refers to llshl.o(.text) for __aeabi_llsl
    depilogue.o(.text) refers to llushr.o(.text) for __aeabi_llsr
    init.o(.text) refers to entry5.o(.ARM.Collect$$$$00000004) for __main_after_scatterload


==============================================================================

Removing Unused input sections from the image.

    Removing user_diskio.o(.rev16_text), (4 bytes).
    Removing user_diskio.o(.revsh_text), (4 bytes).
    Removing user_diskio.o(.rrx_text), (6 bytes).
    Removing fatfs.o(.rev16_text), (4 bytes).
    Removing fatfs.o(.revsh_text), (4 bytes).
    Removing fatfs.o(.rrx_text), (6 bytes).
    Removing fatfs.o(.bss), (4144 bytes).
    Removing fatfs.o(.bss), (4140 bytes).
    Removing main.o(.rev16_text), (4 bytes).
    Removing main.o(.revsh_text), (4 bytes).
    Removing main.o(.rrx_text), (6 bytes).
    Removing main.o(i._Error_Handler), (2 bytes).
    Removing main.o(.data), (1 bytes).
    Removing stm32f1xx_hal_msp.o(.rev16_text), (4 bytes).
    Removing stm32f1xx_hal_msp.o(.revsh_text), (4 bytes).
    Removing stm32f1xx_hal_msp.o(.rrx_text), (6 bytes).
    Removing stm32f1xx_hal_msp.o(i.HAL_SPI_MspDeInit), (40 bytes).
    Removing stm32f1xx_it.o(.rev16_text), (4 bytes).
    Removing stm32f1xx_it.o(.revsh_text), (4 bytes).
    Removing stm32f1xx_it.o(.rrx_text), (6 bytes).
    Removing fatfs_sd.o(.rev16_text), (4 bytes).
    Removing fatfs_sd.o(.revsh_text), (4 bytes).
    Removing fatfs_sd.o(.rrx_text), (6 bytes).
    Removing startup_stm32f103xb.o(HEAP), (512 bytes).
    Removing stm32f1xx_hal_rcc.o(.rev16_text), (4 bytes).
    Removing stm32f1xx_hal_rcc.o(.revsh_text), (4 bytes).
    Removing stm32f1xx_hal_rcc.o(.rrx_text), (6 bytes).
    Removing stm32f1xx_hal_rcc.o(i.HAL_RCC_CSSCallback), (2 bytes).
    Removing stm32f1xx_hal_rcc.o(i.HAL_RCC_DeInit), (68 bytes).
    Removing stm32f1xx_hal_rcc.o(i.HAL_RCC_DisableCSS), (12 bytes).
    Removing stm32f1xx_hal_rcc.o(i.HAL_RCC_EnableCSS), (12 bytes).
    Removing stm32f1xx_hal_rcc.o(i.HAL_RCC_GetClockConfig), (64 bytes).
    Removing stm32f1xx_hal_rcc.o(i.HAL_RCC_GetOscConfig), (144 bytes).
    Removing stm32f1xx_hal_rcc.o(i.HAL_RCC_GetPCLK1Freq), (32 bytes).
    Removing stm32f1xx_hal_rcc.o(i.HAL_RCC_GetPCLK2Freq), (32 bytes).
    Removing stm32f1xx_hal_rcc.o(i.HAL_RCC_MCOConfig), (72 bytes).
    Removing stm32f1xx_hal_rcc.o(i.HAL_RCC_NMI_IRQHandler), (24 bytes).
    Removing stm32f1xx_hal_pwr.o(.rev16_text), (4 bytes).
    Removing stm32f1xx_hal_pwr.o(.revsh_text), (4 bytes).
    Removing stm32f1xx_hal_pwr.o(.rrx_text), (6 bytes).
    Removing stm32f1xx_hal_pwr.o(i.HAL_PWR_ConfigPVD), (124 bytes).
    Removing stm32f1xx_hal_pwr.o(i.HAL_PWR_DeInit), (24 bytes).
    Removing stm32f1xx_hal_pwr.o(i.HAL_PWR_DisableBkUpAccess), (12 bytes).
    Removing stm32f1xx_hal_pwr.o(i.HAL_PWR_DisablePVD), (12 bytes).
    Removing stm32f1xx_hal_pwr.o(i.HAL_PWR_DisableSEVOnPend), (16 bytes).
    Removing stm32f1xx_hal_pwr.o(i.HAL_PWR_DisableSleepOnExit), (16 bytes).
    Removing stm32f1xx_hal_pwr.o(i.HAL_PWR_DisableWakeUpPin), (28 bytes).
    Removing stm32f1xx_hal_pwr.o(i.HAL_PWR_EnableBkUpAccess), (12 bytes).
    Removing stm32f1xx_hal_pwr.o(i.HAL_PWR_EnablePVD), (12 bytes).
    Removing stm32f1xx_hal_pwr.o(i.HAL_PWR_EnableSEVOnPend), (16 bytes).
    Removing stm32f1xx_hal_pwr.o(i.HAL_PWR_EnableSleepOnExit), (16 bytes).
    Removing stm32f1xx_hal_pwr.o(i.HAL_PWR_EnableWakeUpPin), (28 bytes).
    Removing stm32f1xx_hal_pwr.o(i.HAL_PWR_EnterSLEEPMode), (32 bytes).
    Removing stm32f1xx_hal_pwr.o(i.HAL_PWR_EnterSTANDBYMode), (32 bytes).
    Removing stm32f1xx_hal_pwr.o(i.HAL_PWR_EnterSTOPMode), (68 bytes).
    Removing stm32f1xx_hal_pwr.o(i.HAL_PWR_PVDCallback), (2 bytes).
    Removing stm32f1xx_hal_pwr.o(i.HAL_PWR_PVD_IRQHandler), (28 bytes).
    Removing stm32f1xx_hal_pwr.o(i.PWR_OverloadWfe), (6 bytes).
    Removing stm32f1xx_hal_gpio.o(.rev16_text), (4 bytes).
    Removing stm32f1xx_hal_gpio.o(.revsh_text), (4 bytes).
    Removing stm32f1xx_hal_gpio.o(.rrx_text), (6 bytes).
    Removing stm32f1xx_hal_gpio.o(i.HAL_GPIO_DeInit), (228 bytes).
    Removing stm32f1xx_hal_gpio.o(i.HAL_GPIO_EXTI_Callback), (2 bytes).
    Removing stm32f1xx_hal_gpio.o(i.HAL_GPIO_EXTI_IRQHandler), (24 bytes).
    Removing stm32f1xx_hal_gpio.o(i.HAL_GPIO_LockPin), (34 bytes).
    Removing stm32f1xx_hal_gpio.o(i.HAL_GPIO_ReadPin), (10 bytes).
    Removing stm32f1xx_hal_gpio.o(i.HAL_GPIO_TogglePin), (8 bytes).
    Removing stm32f1xx_hal_tim.o(.rev16_text), (4 bytes).
    Removing stm32f1xx_hal_tim.o(.revsh_text), (4 bytes).
    Removing stm32f1xx_hal_tim.o(.rrx_text), (6 bytes).
    Removing stm32f1xx_hal_flash.o(.rev16_text), (4 bytes).
    Removing stm32f1xx_hal_flash.o(.revsh_text), (4 bytes).
    Removing stm32f1xx_hal_flash.o(.rrx_text), (6 bytes).
    Removing stm32f1xx_hal_flash.o(i.FLASH_Program_HalfWord), (28 bytes).
    Removing stm32f1xx_hal_flash.o(i.FLASH_SetErrorCode), (92 bytes).
    Removing stm32f1xx_hal_flash.o(i.FLASH_WaitForLastOperation), (84 bytes).
    Removing stm32f1xx_hal_flash.o(i.HAL_FLASH_EndOfOperationCallback), (2 bytes).
    Removing stm32f1xx_hal_flash.o(i.HAL_FLASH_GetError), (12 bytes).
    Removing stm32f1xx_hal_flash.o(i.HAL_FLASH_IRQHandler), (264 bytes).
    Removing stm32f1xx_hal_flash.o(i.HAL_FLASH_Lock), (20 bytes).
    Removing stm32f1xx_hal_flash.o(i.HAL_FLASH_OB_Launch), (4 bytes).
    Removing stm32f1xx_hal_flash.o(i.HAL_FLASH_OB_Lock), (20 bytes).
    Removing stm32f1xx_hal_flash.o(i.HAL_FLASH_OB_Unlock), (36 bytes).
    Removing stm32f1xx_hal_flash.o(i.HAL_FLASH_OperationErrorCallback), (2 bytes).
    Removing stm32f1xx_hal_flash.o(i.HAL_FLASH_Program), (128 bytes).
    Removing stm32f1xx_hal_flash.o(i.HAL_FLASH_Program_IT), (100 bytes).
    Removing stm32f1xx_hal_flash.o(i.HAL_FLASH_Unlock), (36 bytes).
    Removing stm32f1xx_hal_flash.o(.bss), (32 bytes).
    Removing stm32f1xx_hal_spi.o(.rev16_text), (4 bytes).
    Removing stm32f1xx_hal_spi.o(.revsh_text), (4 bytes).
    Removing stm32f1xx_hal_spi.o(.rrx_text), (6 bytes).
    Removing stm32f1xx_hal_spi.o(i.HAL_SPI_Abort), (188 bytes).
    Removing stm32f1xx_hal_spi.o(i.HAL_SPI_AbortCpltCallback), (2 bytes).
    Removing stm32f1xx_hal_spi.o(i.HAL_SPI_Abort_IT), (228 bytes).
    Removing stm32f1xx_hal_spi.o(i.HAL_SPI_DMAPause), (38 bytes).
    Removing stm32f1xx_hal_spi.o(i.HAL_SPI_DMAResume), (38 bytes).
    Removing stm32f1xx_hal_spi.o(i.HAL_SPI_DMAStop), (40 bytes).
    Removing stm32f1xx_hal_spi.o(i.HAL_SPI_DeInit), (46 bytes).
    Removing stm32f1xx_hal_spi.o(i.HAL_SPI_ErrorCallback), (2 bytes).
    Removing stm32f1xx_hal_spi.o(i.HAL_SPI_GetError), (4 bytes).
    Removing stm32f1xx_hal_spi.o(i.HAL_SPI_IRQHandler), (196 bytes).
    Removing stm32f1xx_hal_spi.o(i.HAL_SPI_Init), (128 bytes).
    Removing stm32f1xx_hal_spi.o(i.HAL_SPI_MspDeInit), (2 bytes).
    Removing stm32f1xx_hal_spi.o(i.HAL_SPI_MspInit), (2 bytes).
    Removing stm32f1xx_hal_spi.o(i.HAL_SPI_Receive), (336 bytes).
    Removing stm32f1xx_hal_spi.o(i.HAL_SPI_Receive_DMA), (212 bytes).
    Removing stm32f1xx_hal_spi.o(i.HAL_SPI_Receive_IT), (164 bytes).
    Removing stm32f1xx_hal_spi.o(i.HAL_SPI_RxCpltCallback), (2 bytes).
    Removing stm32f1xx_hal_spi.o(i.HAL_SPI_RxHalfCpltCallback), (2 bytes).
    Removing stm32f1xx_hal_spi.o(i.HAL_SPI_TransmitReceive_DMA), (264 bytes).
    Removing stm32f1xx_hal_spi.o(i.HAL_SPI_TransmitReceive_IT), (164 bytes).
    Removing stm32f1xx_hal_spi.o(i.HAL_SPI_Transmit_DMA), (184 bytes).
    Removing stm32f1xx_hal_spi.o(i.HAL_SPI_Transmit_IT), (152 bytes).
    Removing stm32f1xx_hal_spi.o(i.HAL_SPI_TxCpltCallback), (2 bytes).
    Removing stm32f1xx_hal_spi.o(i.HAL_SPI_TxHalfCpltCallback), (2 bytes).
    Removing stm32f1xx_hal_spi.o(i.HAL_SPI_TxRxCpltCallback), (2 bytes).
    Removing stm32f1xx_hal_spi.o(i.HAL_SPI_TxRxHalfCpltCallback), (2 bytes).
    Removing stm32f1xx_hal_spi.o(i.SPI_2linesRxISR_16BIT), (48 bytes).
    Removing stm32f1xx_hal_spi.o(i.SPI_2linesRxISR_8BIT), (46 bytes).
    Removing stm32f1xx_hal_spi.o(i.SPI_2linesTxISR_16BIT), (48 bytes).
    Removing stm32f1xx_hal_spi.o(i.SPI_2linesTxISR_8BIT), (46 bytes).
    Removing stm32f1xx_hal_spi.o(i.SPI_AbortRx_ISR), (80 bytes).
    Removing stm32f1xx_hal_spi.o(i.SPI_AbortTx_ISR), (22 bytes).
    Removing stm32f1xx_hal_spi.o(i.SPI_CloseRxTx_ISR), (144 bytes).
    Removing stm32f1xx_hal_spi.o(i.SPI_CloseRx_ISR), (78 bytes).
    Removing stm32f1xx_hal_spi.o(i.SPI_CloseTx_ISR), (124 bytes).
    Removing stm32f1xx_hal_spi.o(i.SPI_DMAAbortOnError), (16 bytes).
    Removing stm32f1xx_hal_spi.o(i.SPI_DMAError), (34 bytes).
    Removing stm32f1xx_hal_spi.o(i.SPI_DMAHalfReceiveCplt), (10 bytes).
    Removing stm32f1xx_hal_spi.o(i.SPI_DMAHalfTransmitCplt), (10 bytes).
    Removing stm32f1xx_hal_spi.o(i.SPI_DMAHalfTransmitReceiveCplt), (10 bytes).
    Removing stm32f1xx_hal_spi.o(i.SPI_DMAReceiveCplt), (82 bytes).
    Removing stm32f1xx_hal_spi.o(i.SPI_DMARxAbortCallback), (66 bytes).
    Removing stm32f1xx_hal_spi.o(i.SPI_DMATransmitCplt), (90 bytes).
    Removing stm32f1xx_hal_spi.o(i.SPI_DMATransmitReceiveCplt), (80 bytes).
    Removing stm32f1xx_hal_spi.o(i.SPI_DMATxAbortCallback), (96 bytes).
    Removing stm32f1xx_hal_spi.o(i.SPI_ISCRCErrorValid), (4 bytes).
    Removing stm32f1xx_hal_spi.o(i.SPI_RxISR_16BIT), (32 bytes).
    Removing stm32f1xx_hal_spi.o(i.SPI_RxISR_8BIT), (30 bytes).
    Removing stm32f1xx_hal_spi.o(i.SPI_TxISR_16BIT), (32 bytes).
    Removing stm32f1xx_hal_spi.o(i.SPI_TxISR_8BIT), (30 bytes).
    Removing stm32f1xx_hal.o(.rev16_text), (4 bytes).
    Removing stm32f1xx_hal.o(.revsh_text), (4 bytes).
    Removing stm32f1xx_hal.o(.rrx_text), (6 bytes).
    Removing stm32f1xx_hal.o(i.HAL_DBGMCU_DisableDBGSleepMode), (16 bytes).
    Removing stm32f1xx_hal.o(i.HAL_DBGMCU_DisableDBGStandbyMode), (16 bytes).
    Removing stm32f1xx_hal.o(i.HAL_DBGMCU_DisableDBGStopMode), (16 bytes).
    Removing stm32f1xx_hal.o(i.HAL_DBGMCU_EnableDBGSleepMode), (16 bytes).
    Removing stm32f1xx_hal.o(i.HAL_DBGMCU_EnableDBGStandbyMode), (16 bytes).
    Removing stm32f1xx_hal.o(i.HAL_DBGMCU_EnableDBGStopMode), (16 bytes).
    Removing stm32f1xx_hal.o(i.HAL_DeInit), (32 bytes).
    Removing stm32f1xx_hal.o(i.HAL_Delay), (28 bytes).
    Removing stm32f1xx_hal.o(i.HAL_GetDEVID), (16 bytes).
    Removing stm32f1xx_hal.o(i.HAL_GetHalVersion), (8 bytes).
    Removing stm32f1xx_hal.o(i.HAL_GetREVID), (12 bytes).
    Removing stm32f1xx_hal.o(i.HAL_GetUID), (28 bytes).
    Removing stm32f1xx_hal.o(i.HAL_MspDeInit), (2 bytes).
    Removing stm32f1xx_hal.o(i.HAL_MspInit), (2 bytes).
    Removing stm32f1xx_hal.o(i.HAL_ResumeTick), (14 bytes).
    Removing stm32f1xx_hal.o(i.HAL_SuspendTick), (14 bytes).
    Removing stm32f1xx_hal_spi_ex.o(.rev16_text), (4 bytes).
    Removing stm32f1xx_hal_spi_ex.o(.revsh_text), (4 bytes).
    Removing stm32f1xx_hal_spi_ex.o(.rrx_text), (6 bytes).
    Removing stm32f1xx_hal_dma.o(.rev16_text), (4 bytes).
    Removing stm32f1xx_hal_dma.o(.revsh_text), (4 bytes).
    Removing stm32f1xx_hal_dma.o(.rrx_text), (6 bytes).
    Removing stm32f1xx_hal_dma.o(i.DMA_SetConfig), (42 bytes).
    Removing stm32f1xx_hal_dma.o(i.HAL_DMA_Abort), (48 bytes).
    Removing stm32f1xx_hal_dma.o(i.HAL_DMA_Abort_IT), (152 bytes).
    Removing stm32f1xx_hal_dma.o(i.HAL_DMA_DeInit), (84 bytes).
    Removing stm32f1xx_hal_dma.o(i.HAL_DMA_GetError), (4 bytes).
    Removing stm32f1xx_hal_dma.o(i.HAL_DMA_GetState), (6 bytes).
    Removing stm32f1xx_hal_dma.o(i.HAL_DMA_IRQHandler), (340 bytes).
    Removing stm32f1xx_hal_dma.o(i.HAL_DMA_Init), (100 bytes).
    Removing stm32f1xx_hal_dma.o(i.HAL_DMA_PollForTransfer), (532 bytes).
    Removing stm32f1xx_hal_dma.o(i.HAL_DMA_RegisterCallback), (74 bytes).
    Removing stm32f1xx_hal_dma.o(i.HAL_DMA_Start), (80 bytes).
    Removing stm32f1xx_hal_dma.o(i.HAL_DMA_Start_IT), (112 bytes).
    Removing stm32f1xx_hal_dma.o(i.HAL_DMA_UnRegisterCallback), (82 bytes).
    Removing stm32f1xx_hal_rcc_ex.o(.rev16_text), (4 bytes).
    Removing stm32f1xx_hal_rcc_ex.o(.revsh_text), (4 bytes).
    Removing stm32f1xx_hal_rcc_ex.o(.rrx_text), (6 bytes).
    Removing stm32f1xx_hal_rcc_ex.o(i.HAL_RCCEx_GetPeriphCLKConfig), (44 bytes).
    Removing stm32f1xx_hal_rcc_ex.o(i.HAL_RCCEx_GetPeriphCLKFreq), (200 bytes).
    Removing stm32f1xx_hal_rcc_ex.o(i.HAL_RCCEx_PeriphCLKConfig), (236 bytes).
    Removing stm32f1xx_hal_gpio_ex.o(.rev16_text), (4 bytes).
    Removing stm32f1xx_hal_gpio_ex.o(.revsh_text), (4 bytes).
    Removing stm32f1xx_hal_gpio_ex.o(.rrx_text), (6 bytes).
    Removing stm32f1xx_hal_gpio_ex.o(i.HAL_GPIOEx_ConfigEventout), (20 bytes).
    Removing stm32f1xx_hal_gpio_ex.o(i.HAL_GPIOEx_DisableEventout), (16 bytes).
    Removing stm32f1xx_hal_gpio_ex.o(i.HAL_GPIOEx_EnableEventout), (16 bytes).
    Removing stm32f1xx_hal_flash_ex.o(.rev16_text), (4 bytes).
    Removing stm32f1xx_hal_flash_ex.o(.revsh_text), (4 bytes).
    Removing stm32f1xx_hal_flash_ex.o(.rrx_text), (6 bytes).
    Removing stm32f1xx_hal_flash_ex.o(i.FLASH_MassErase), (36 bytes).
    Removing stm32f1xx_hal_flash_ex.o(i.FLASH_OB_DisableWRP), (176 bytes).
    Removing stm32f1xx_hal_flash_ex.o(i.FLASH_OB_EnableWRP), (176 bytes).
    Removing stm32f1xx_hal_flash_ex.o(i.FLASH_OB_GetRDP), (24 bytes).
    Removing stm32f1xx_hal_flash_ex.o(i.FLASH_OB_RDP_LevelConfig), (100 bytes).
    Removing stm32f1xx_hal_flash_ex.o(i.FLASH_PageErase), (36 bytes).
    Removing stm32f1xx_hal_flash_ex.o(i.HAL_FLASHEx_Erase), (168 bytes).
    Removing stm32f1xx_hal_flash_ex.o(i.HAL_FLASHEx_Erase_IT), (84 bytes).
    Removing stm32f1xx_hal_flash_ex.o(i.HAL_FLASHEx_OBErase), (84 bytes).
    Removing stm32f1xx_hal_flash_ex.o(i.HAL_FLASHEx_OBGetConfig), (36 bytes).
    Removing stm32f1xx_hal_flash_ex.o(i.HAL_FLASHEx_OBGetUserData), (32 bytes).
    Removing stm32f1xx_hal_flash_ex.o(i.HAL_FLASHEx_OBProgram), (200 bytes).
    Removing stm32f1xx_hal_cortex.o(.rev16_text), (4 bytes).
    Removing stm32f1xx_hal_cortex.o(.revsh_text), (4 bytes).
    Removing stm32f1xx_hal_cortex.o(.rrx_text), (6 bytes).
    Removing stm32f1xx_hal_cortex.o(i.HAL_NVIC_ClearPendingIRQ), (22 bytes).
    Removing stm32f1xx_hal_cortex.o(i.HAL_NVIC_DisableIRQ), (22 bytes).
    Removing stm32f1xx_hal_cortex.o(i.HAL_NVIC_EnableIRQ), (22 bytes).
    Removing stm32f1xx_hal_cortex.o(i.HAL_NVIC_GetActive), (32 bytes).
    Removing stm32f1xx_hal_cortex.o(i.HAL_NVIC_GetPendingIRQ), (32 bytes).
    Removing stm32f1xx_hal_cortex.o(i.HAL_NVIC_GetPriority), (82 bytes).
    Removing stm32f1xx_hal_cortex.o(i.HAL_NVIC_GetPriorityGrouping), (16 bytes).
    Removing stm32f1xx_hal_cortex.o(i.HAL_NVIC_SetPendingIRQ), (22 bytes).
    Removing stm32f1xx_hal_cortex.o(i.HAL_NVIC_SystemReset), (36 bytes).
    Removing stm32f1xx_hal_tim_ex.o(.rev16_text), (4 bytes).
    Removing stm32f1xx_hal_tim_ex.o(.revsh_text), (4 bytes).
    Removing stm32f1xx_hal_tim_ex.o(.rrx_text), (6 bytes).
    Removing system_stm32f1xx.o(.rev16_text), (4 bytes).
    Removing system_stm32f1xx.o(.revsh_text), (4 bytes).
    Removing system_stm32f1xx.o(.rrx_text), (6 bytes).
    Removing system_stm32f1xx.o(i.SystemCoreClockUpdate), (104 bytes).
    Removing system_stm32f1xx.o(.constdata), (8 bytes).
    Removing ff.o(.rev16_text), (4 bytes).
    Removing ff.o(.revsh_text), (4 bytes).
    Removing ff.o(.rrx_text), (6 bytes).
    Removing ff.o(i.dir_read), (256 bytes).
    Removing ff.o(i.dir_remove), (102 bytes).
    Removing ff.o(i.f_chmod), (120 bytes).
    Removing ff.o(i.f_closedir), (36 bytes).
    Removing ff.o(i.f_lseek), (614 bytes).
    Removing ff.o(i.f_mkdir), (448 bytes).
    Removing ff.o(i.f_mkfs), (1408 bytes).
    Removing ff.o(i.f_opendir), (144 bytes).
    Removing ff.o(i.f_printf), (490 bytes).
    Removing ff.o(i.f_putc), (60 bytes).
    Removing ff.o(i.f_readdir), (92 bytes).
    Removing ff.o(i.f_rename), (376 bytes).
    Removing ff.o(i.f_stat), (92 bytes).
    Removing ff.o(i.f_truncate), (190 bytes).
    Removing ff.o(i.f_unlink), (216 bytes).
    Removing ff.o(i.f_utime), (124 bytes).
    Removing ff.o(i.get_fileinfo), (190 bytes).
    Removing ccsbcs.o(.rev16_text), (4 bytes).
    Removing ccsbcs.o(.revsh_text), (4 bytes).
    Removing ccsbcs.o(.rrx_text), (6 bytes).
    Removing syscall.o(.rev16_text), (4 bytes).
    Removing syscall.o(.revsh_text), (4 bytes).
    Removing syscall.o(.rrx_text), (6 bytes).
    Removing diskio.o(.rev16_text), (4 bytes).
    Removing diskio.o(.revsh_text), (4 bytes).
    Removing diskio.o(.rrx_text), (6 bytes).
    Removing diskio.o(i.get_fattime), (4 bytes).
    Removing ff_gen_drv.o(.rev16_text), (4 bytes).
    Removing ff_gen_drv.o(.revsh_text), (4 bytes).
    Removing ff_gen_drv.o(.rrx_text), (6 bytes).
    Removing ff_gen_drv.o(i.FATFS_GetAttachedDriversNbr), (12 bytes).
    Removing ff_gen_drv.o(i.FATFS_UnLinkDriver), (6 bytes).
    Removing ff_gen_drv.o(i.FATFS_UnLinkDriverEx), (52 bytes).

262 unused section(s) (total 23997 bytes) removed from the image.

==============================================================================

Image Symbol Table

    Local Symbols

    Symbol Name                              Value     Ov Type        Size  Object(Section)

    ../Drivers/STM32F1xx_HAL_Driver/Src/stm32f1xx_hal.c 0x00000000   Number         0  stm32f1xx_hal.o ABSOLUTE
    ../Drivers/STM32F1xx_HAL_Driver/Src/stm32f1xx_hal_cortex.c 0x00000000   Number         0  stm32f1xx_hal_cortex.o ABSOLUTE
    ../Drivers/STM32F1xx_HAL_Driver/Src/stm32f1xx_hal_dma.c 0x00000000   Number         0  stm32f1xx_hal_dma.o ABSOLUTE
    ../Drivers/STM32F1xx_HAL_Driver/Src/stm32f1xx_hal_flash.c 0x00000000   Number         0  stm32f1xx_hal_flash.o ABSOLUTE
    ../Drivers/STM32F1xx_HAL_Driver/Src/stm32f1xx_hal_flash_ex.c 0x00000000   Number         0  stm32f1xx_hal_flash_ex.o ABSOLUTE
    ../Drivers/STM32F1xx_HAL_Driver/Src/stm32f1xx_hal_gpio.c 0x00000000   Number         0  stm32f1xx_hal_gpio.o ABSOLUTE
    ../Drivers/STM32F1xx_HAL_Driver/Src/stm32f1xx_hal_gpio_ex.c 0x00000000   Number         0  stm32f1xx_hal_gpio_ex.o ABSOLUTE
    ../Drivers/STM32F1xx_HAL_Driver/Src/stm32f1xx_hal_pwr.c 0x00000000   Number         0  stm32f1xx_hal_pwr.o ABSOLUTE
    ../Drivers/STM32F1xx_HAL_Driver/Src/stm32f1xx_hal_rcc.c 0x00000000   Number         0  stm32f1xx_hal_rcc.o ABSOLUTE
    ../Drivers/STM32F1xx_HAL_Driver/Src/stm32f1xx_hal_rcc_ex.c 0x00000000   Number         0  stm32f1xx_hal_rcc_ex.o ABSOLUTE
    ../Drivers/STM32F1xx_HAL_Driver/Src/stm32f1xx_hal_spi.c 0x00000000   Number         0  stm32f1xx_hal_spi.o ABSOLUTE
    ../Drivers/STM32F1xx_HAL_Driver/Src/stm32f1xx_hal_spi_ex.c 0x00000000   Number         0  stm32f1xx_hal_spi_ex.o ABSOLUTE
    ../Drivers/STM32F1xx_HAL_Driver/Src/stm32f1xx_hal_tim.c 0x00000000   Number         0  stm32f1xx_hal_tim.o ABSOLUTE
    ../Drivers/STM32F1xx_HAL_Driver/Src/stm32f1xx_hal_tim_ex.c 0x00000000   Number         0  stm32f1xx_hal_tim_ex.o ABSOLUTE
    ../Middlewares/Third_Party/FatFs/src/diskio.c 0x00000000   Number         0  diskio.o ABSOLUTE
    ../Middlewares/Third_Party/FatFs/src/ff.c 0x00000000   Number         0  ff.o ABSOLUTE
    ../Middlewares/Third_Party/FatFs/src/ff_gen_drv.c 0x00000000   Number         0  ff_gen_drv.o ABSOLUTE
    ../Middlewares/Third_Party/FatFs/src/option/ccsbcs.c 0x00000000   Number         0  ccsbcs.o ABSOLUTE
    ../Middlewares/Third_Party/FatFs/src/option/syscall.c 0x00000000   Number         0  syscall.o ABSOLUTE
    ../Src/fatfs.c                           0x00000000   Number         0  fatfs.o ABSOLUTE
    ../Src/main.c                            0x00000000   Number         0  main.o ABSOLUTE
    ../Src/stm32f1xx_hal_msp.c               0x00000000   Number         0  stm32f1xx_hal_msp.o ABSOLUTE
    ../Src/stm32f1xx_it.c                    0x00000000   Number         0  stm32f1xx_it.o ABSOLUTE
    ../Src/system_stm32f1xx.c                0x00000000   Number         0  system_stm32f1xx.o ABSOLUTE
    ../Src/user_diskio.c                     0x00000000   Number         0  user_diskio.o ABSOLUTE
    ../clib/microlib/init/entry.s            0x00000000   Number         0  entry7a.o ABSOLUTE
    ../clib/microlib/init/entry.s            0x00000000   Number         0  entry5.o ABSOLUTE
    ../clib/microlib/init/entry.s            0x00000000   Number         0  entry7b.o ABSOLUTE
    ../clib/microlib/init/entry.s            0x00000000   Number         0  entry.o ABSOLUTE
    ../clib/microlib/init/entry.s            0x00000000   Number         0  entry2.o ABSOLUTE
    ../clib/microlib/init/entry.s            0x00000000   Number         0  entry11b.o ABSOLUTE
    ../clib/microlib/init/entry.s            0x00000000   Number         0  entry11a.o ABSOLUTE
    ../clib/microlib/init/entry.s            0x00000000   Number         0  entry10b.o ABSOLUTE
    ../clib/microlib/init/entry.s            0x00000000   Number         0  entry10a.o ABSOLUTE
    ../clib/microlib/init/entry.s            0x00000000   Number         0  entry9b.o ABSOLUTE
    ../clib/microlib/init/entry.s            0x00000000   Number         0  entry9a.o ABSOLUTE
    ../clib/microlib/init/entry.s            0x00000000   Number         0  entry8b.o ABSOLUTE
    ../clib/microlib/init/entry.s            0x00000000   Number         0  entry8a.o ABSOLUTE
    ../clib/microlib/longlong.c              0x00000000   Number         0  llshl.o ABSOLUTE
    ../clib/microlib/longlong.c              0x00000000   Number         0  llushr.o ABSOLUTE
    ../clib/microlib/stubs.s                 0x00000000   Number         0  iusefp.o ABSOLUTE
    ../fplib/microlib/fpepilogue.c           0x00000000   Number         0  depilogue.o ABSOLUTE
    ../fplib/microlib/fpfix.c                0x00000000   Number         0  dfixui.o ABSOLUTE
    ../fplib/microlib/fpflt.c                0x00000000   Number         0  dfltui.o ABSOLUTE
    ../fplib/microlib/fpscalb.c              0x00000000   Number         0  dscalb.o ABSOLUTE
    ..\Drivers\STM32F1xx_HAL_Driver\Src\stm32f1xx_hal.c 0x00000000   Number         0  stm32f1xx_hal.o ABSOLUTE
    ..\Drivers\STM32F1xx_HAL_Driver\Src\stm32f1xx_hal_cortex.c 0x00000000   Number         0  stm32f1xx_hal_cortex.o ABSOLUTE
    ..\Drivers\STM32F1xx_HAL_Driver\Src\stm32f1xx_hal_dma.c 0x00000000   Number         0  stm32f1xx_hal_dma.o ABSOLUTE
    ..\Drivers\STM32F1xx_HAL_Driver\Src\stm32f1xx_hal_flash.c 0x00000000   Number         0  stm32f1xx_hal_flash.o ABSOLUTE
    ..\Drivers\STM32F1xx_HAL_Driver\Src\stm32f1xx_hal_flash_ex.c 0x00000000   Number         0  stm32f1xx_hal_flash_ex.o ABSOLUTE
    ..\Drivers\STM32F1xx_HAL_Driver\Src\stm32f1xx_hal_gpio.c 0x00000000   Number         0  stm32f1xx_hal_gpio.o ABSOLUTE
    ..\Drivers\STM32F1xx_HAL_Driver\Src\stm32f1xx_hal_gpio_ex.c 0x00000000   Number         0  stm32f1xx_hal_gpio_ex.o ABSOLUTE
    ..\Drivers\STM32F1xx_HAL_Driver\Src\stm32f1xx_hal_pwr.c 0x00000000   Number         0  stm32f1xx_hal_pwr.o ABSOLUTE
    ..\Drivers\STM32F1xx_HAL_Driver\Src\stm32f1xx_hal_rcc.c 0x00000000   Number         0  stm32f1xx_hal_rcc.o ABSOLUTE
    ..\Drivers\STM32F1xx_HAL_Driver\Src\stm32f1xx_hal_rcc_ex.c 0x00000000   Number         0  stm32f1xx_hal_rcc_ex.o ABSOLUTE
    ..\Drivers\STM32F1xx_HAL_Driver\Src\stm32f1xx_hal_spi.c 0x00000000   Number         0  stm32f1xx_hal_spi.o ABSOLUTE
    ..\Drivers\STM32F1xx_HAL_Driver\Src\stm32f1xx_hal_spi_ex.c 0x00000000   Number         0  stm32f1xx_hal_spi_ex.o ABSOLUTE
    ..\Drivers\STM32F1xx_HAL_Driver\Src\stm32f1xx_hal_tim.c 0x00000000   Number         0  stm32f1xx_hal_tim.o ABSOLUTE
    ..\Drivers\STM32F1xx_HAL_Driver\Src\stm32f1xx_hal_tim_ex.c 0x00000000   Number         0  stm32f1xx_hal_tim_ex.o ABSOLUTE
    ..\Middlewares\Third_Party\FatFs\src\diskio.c 0x00000000   Number         0  diskio.o ABSOLUTE
    ..\Middlewares\Third_Party\FatFs\src\ff.c 0x00000000   Number         0  ff.o ABSOLUTE
    ..\Middlewares\Third_Party\FatFs\src\ff_gen_drv.c 0x00000000   Number         0  ff_gen_drv.o ABSOLUTE
    ..\Middlewares\Third_Party\FatFs\src\option\ccsbcs.c 0x00000000   Number         0  ccsbcs.o ABSOLUTE
    ..\Middlewares\Third_Party\FatFs\src\option\syscall.c 0x00000000   Number         0  syscall.o ABSOLUTE
    ..\Src\fatfs.c                           0x00000000   Number         0  fatfs.o ABSOLUTE
    ..\Src\fatfs_sd.c                        0x00000000   Number         0  fatfs_sd.o ABSOLUTE
    ..\Src\main.c                            0x00000000   Number         0  main.o ABSOLUTE
    ..\Src\stm32f1xx_hal_msp.c               0x00000000   Number         0  stm32f1xx_hal_msp.o ABSOLUTE
    ..\Src\stm32f1xx_it.c                    0x00000000   Number         0  stm32f1xx_it.o ABSOLUTE
    ..\Src\system_stm32f1xx.c                0x00000000   Number         0  system_stm32f1xx.o ABSOLUTE
    ..\Src\user_diskio.c                     0x00000000   Number         0  user_diskio.o ABSOLUTE
    ..\\Src\\fatfs_sd.c                      0x00000000   Number         0  fatfs_sd.o ABSOLUTE
    dc.s                                     0x00000000   Number         0  dc.o ABSOLUTE
    handlers.s                               0x00000000   Number         0  handlers.o ABSOLUTE
    init.s                                   0x00000000   Number         0  init.o ABSOLUTE
    startup_stm32f103xb.s                    0x00000000   Number         0  startup_stm32f103xb.o ABSOLUTE
    RESET                                    0x08000000   Section      236  startup_stm32f103xb.o(RESET)
    .ARM.Collect$$$$00000000                 0x080000ec   Section        0  entry.o(.ARM.Collect$$$$00000000)
    .ARM.Collect$$$$00000001                 0x080000ec   Section        4  entry2.o(.ARM.Collect$$$$00000001)
    .ARM.Collect$$$$00000004                 0x080000f0   Section        4  entry5.o(.ARM.Collect$$$$00000004)
    .ARM.Collect$$$$00000008                 0x080000f4   Section        0  entry7b.o(.ARM.Collect$$$$00000008)
    .ARM.Collect$$$$0000000A                 0x080000f4   Section        0  entry8b.o(.ARM.Collect$$$$0000000A)
    .ARM.Collect$$$$0000000B                 0x080000f4   Section        8  entry9a.o(.ARM.Collect$$$$0000000B)
    .ARM.Collect$$$$0000000D                 0x080000fc   Section        0  entry10a.o(.ARM.Collect$$$$0000000D)
    .ARM.Collect$$$$0000000F                 0x080000fc   Section        0  entry11a.o(.ARM.Collect$$$$0000000F)
    .ARM.Collect$$$$00002712                 0x080000fc   Section        4  entry2.o(.ARM.Collect$$$$00002712)
    __lit__00000000                          0x080000fc   Data           4  entry2.o(.ARM.Collect$$$$00002712)
    .text                                    0x08000100   Section       36  startup_stm32f103xb.o(.text)
    .text                                    0x08000124   Section        0  llushr.o(.text)
    .text                                    0x08000144   Section        0  dscalb.o(.text)
    .text                                    0x08000172   Section        0  dfltui.o(.text)
    .text                                    0x0800018c   Section        0  dfixui.o(.text)
    .text                                    0x080001be   Section        0  depilogue.o(.text)
    .text                                    0x080001be   Section        0  iusefp.o(.text)
    .text                                    0x08000278   Section       36  init.o(.text)
    .text                                    0x0800029c   Section        0  llshl.o(.text)
    i.DESELECT                               0x080002bc   Section        0  fatfs_sd.o(i.DESELECT)
    DESELECT                                 0x080002bd   Thumb Code    10  fatfs_sd.o(i.DESELECT)
    i.FATFS_LinkDriver                       0x080002cc   Section        0  ff_gen_drv.o(i.FATFS_LinkDriver)
    i.FATFS_LinkDriverEx                     0x080002d4   Section        0  ff_gen_drv.o(i.FATFS_LinkDriverEx)
    i.HAL_GPIO_Init                          0x08000314   Section        0  stm32f1xx_hal_gpio.o(i.HAL_GPIO_Init)
    i.HAL_GPIO_WritePin                      0x080004d0   Section        0  stm32f1xx_hal_gpio.o(i.HAL_GPIO_WritePin)
    i.HAL_GetTick                            0x080004dc   Section        0  stm32f1xx_hal.o(i.HAL_GetTick)
    i.HAL_IncTick                            0x080004e8   Section        0  stm32f1xx_hal.o(i.HAL_IncTick)
    i.HAL_Init                               0x080004f8   Section        0  stm32f1xx_hal.o(i.HAL_Init)
    i.HAL_InitTick                           0x0800051c   Section        0  stm32f1xx_hal.o(i.HAL_InitTick)
    i.HAL_MspInit                            0x08000544   Section        0  stm32f1xx_hal_msp.o(i.HAL_MspInit)
    i.HAL_NVIC_SetPriority                   0x080005c8   Section        0  stm32f1xx_hal_cortex.o(i.HAL_NVIC_SetPriority)
    i.HAL_NVIC_SetPriorityGrouping           0x08000608   Section        0  stm32f1xx_hal_cortex.o(i.HAL_NVIC_SetPriorityGrouping)
    i.HAL_RCC_ClockConfig                    0x0800062c   Section        0  stm32f1xx_hal_rcc.o(i.HAL_RCC_ClockConfig)
    i.HAL_RCC_GetHCLKFreq                    0x08000780   Section        0  stm32f1xx_hal_rcc.o(i.HAL_RCC_GetHCLKFreq)
    i.HAL_RCC_GetSysClockFreq                0x0800078c   Section        0  stm32f1xx_hal_rcc.o(i.HAL_RCC_GetSysClockFreq)
    i.HAL_RCC_OscConfig                      0x080007f8   Section        0  stm32f1xx_hal_rcc.o(i.HAL_RCC_OscConfig)
    i.HAL_SPI_GetState                       0x08000afc   Section        0  stm32f1xx_hal_spi.o(i.HAL_SPI_GetState)
    i.HAL_SPI_Init                           0x08000b02   Section        0  stm32f1xx_hal_spi_ex.o(i.HAL_SPI_Init)
    i.HAL_SPI_MspInit                        0x08000b84   Section        0  stm32f1xx_hal_msp.o(i.HAL_SPI_MspInit)
    i.HAL_SPI_Transmit                       0x08000bdc   Section        0  stm32f1xx_hal_spi.o(i.HAL_SPI_Transmit)
    i.HAL_SPI_TransmitReceive                0x08000d44   Section        0  stm32f1xx_hal_spi.o(i.HAL_SPI_TransmitReceive)
    i.HAL_SYSTICK_CLKSourceConfig            0x08000f1c   Section        0  stm32f1xx_hal_cortex.o(i.HAL_SYSTICK_CLKSourceConfig)
    i.HAL_SYSTICK_Callback                   0x08000f34   Section        0  stm32f1xx_hal_cortex.o(i.HAL_SYSTICK_Callback)
    i.HAL_SYSTICK_Config                     0x08000f36   Section        0  stm32f1xx_hal_cortex.o(i.HAL_SYSTICK_Config)
    i.HAL_SYSTICK_IRQHandler                 0x08000f5e   Section        0  stm32f1xx_hal_cortex.o(i.HAL_SYSTICK_IRQHandler)
    i.MX_FATFS_Init                          0x08000f68   Section        0  fatfs.o(i.MX_FATFS_Init)
    i.MX_GPIO_Init                           0x08000f84   Section        0  main.o(i.MX_GPIO_Init)
    MX_GPIO_Init                             0x08000f85   Thumb Code   152  main.o(i.MX_GPIO_Init)
    i.MX_SPI1_Init                           0x0800102c   Section        0  main.o(i.MX_SPI1_Init)
    MX_SPI1_Init                             0x0800102d   Thumb Code    56  main.o(i.MX_SPI1_Init)
    i.NVIC_SetPriority                       0x0800106c   Section        0  stm32f1xx_hal_cortex.o(i.NVIC_SetPriority)
    NVIC_SetPriority                         0x0800106d   Thumb Code    32  stm32f1xx_hal_cortex.o(i.NVIC_SetPriority)
    i.PendSV_Handler                         0x0800108c   Section        0  stm32f1xx_it.o(i.PendSV_Handler)
    i.SDTimer_Handler                        0x08001090   Section        0  stm32f1xx_it.o(i.SDTimer_Handler)
    i.SD_PowerOn                             0x080010b0   Section        0  fatfs_sd.o(i.SD_PowerOn)
    SD_PowerOn                               0x080010b1   Thumb Code   108  fatfs_sd.o(i.SD_PowerOn)
    i.SD_ReadyWait                           0x08001120   Section        0  fatfs_sd.o(i.SD_ReadyWait)
    SD_ReadyWait                             0x08001121   Thumb Code    28  fatfs_sd.o(i.SD_ReadyWait)
    i.SD_RxDataBlock                         0x08001140   Section        0  fatfs_sd.o(i.SD_RxDataBlock)
    SD_RxDataBlock                           0x08001141   Thumb Code    76  fatfs_sd.o(i.SD_RxDataBlock)
    i.SD_SendCmd                             0x08001190   Section        0  fatfs_sd.o(i.SD_SendCmd)
    SD_SendCmd                               0x08001191   Thumb Code   110  fatfs_sd.o(i.SD_SendCmd)
    i.SD_TxDataBlock                         0x08001200   Section        0  fatfs_sd.o(i.SD_TxDataBlock)
    SD_TxDataBlock                           0x08001201   Thumb Code   106  fatfs_sd.o(i.SD_TxDataBlock)
    i.SD_disk_initialize                     0x0800126c   Section        0  fatfs_sd.o(i.SD_disk_initialize)
    i.SD_disk_ioctl                          0x080013a4   Section        0  fatfs_sd.o(i.SD_disk_ioctl)
    i.SD_disk_read                           0x080014e8   Section        0  fatfs_sd.o(i.SD_disk_read)
    i.SD_disk_status                         0x08001580   Section        0  fatfs_sd.o(i.SD_disk_status)
    i.SD_disk_write                          0x08001590   Section        0  fatfs_sd.o(i.SD_disk_write)
    i.SELECT                                 0x08001648   Section        0  fatfs_sd.o(i.SELECT)
    SELECT                                   0x08001649   Thumb Code    10  fatfs_sd.o(i.SELECT)
    i.SPI_CheckFlag_BSY                      0x08001658   Section        0  stm32f1xx_hal_spi.o(i.SPI_CheckFlag_BSY)
    SPI_CheckFlag_BSY                        0x08001659   Thumb Code    32  stm32f1xx_hal_spi.o(i.SPI_CheckFlag_BSY)
    i.SPI_RxByte                             0x08001678   Section        0  fatfs_sd.o(i.SPI_RxByte)
    SPI_RxByte                               0x08001679   Thumb Code    48  fatfs_sd.o(i.SPI_RxByte)
    i.SPI_TxByte                             0x080016ac   Section        0  fatfs_sd.o(i.SPI_TxByte)
    SPI_TxByte                               0x080016ad   Thumb Code    28  fatfs_sd.o(i.SPI_TxByte)
    i.SPI_WaitFlagStateUntilTimeout          0x080016cc   Section        0  stm32f1xx_hal_spi.o(i.SPI_WaitFlagStateUntilTimeout)
    SPI_WaitFlagStateUntilTimeout            0x080016cd   Thumb Code   150  stm32f1xx_hal_spi.o(i.SPI_WaitFlagStateUntilTimeout)
    i.SVC_Handler                            0x08001762   Section        0  stm32f1xx_it.o(i.SVC_Handler)
    i.SysTick_Handler                        0x08001764   Section        0  stm32f1xx_it.o(i.SysTick_Handler)
    i.SystemClock_Config                     0x0800178c   Section        0  main.o(i.SystemClock_Config)
    i.SystemInit                             0x080017f4   Section        0  system_stm32f1xx.o(i.SystemInit)
    i.USER_initialize                        0x0800183c   Section        0  user_diskio.o(i.USER_initialize)
    i.USER_ioctl                             0x08001840   Section        0  user_diskio.o(i.USER_ioctl)
    i.USER_read                              0x08001844   Section        0  user_diskio.o(i.USER_read)
    i.USER_status                            0x08001848   Section        0  user_diskio.o(i.USER_status)
    i.USER_write                             0x0800184c   Section        0  user_diskio.o(i.USER_write)
    i.__scatterload_copy                     0x08001850   Section       14  handlers.o(i.__scatterload_copy)
    i.__scatterload_null                     0x0800185e   Section        2  handlers.o(i.__scatterload_null)
    i.__scatterload_zeroinit                 0x08001860   Section       14  handlers.o(i.__scatterload_zeroinit)
    i.check_fs                               0x08001870   Section        0  ff.o(i.check_fs)
    check_fs                                 0x08001871   Thumb Code    90  ff.o(i.check_fs)
    i.chk_chr                                0x080018d0   Section        0  ff.o(i.chk_chr)
    chk_chr                                  0x080018d1   Thumb Code    16  ff.o(i.chk_chr)
    i.chk_lock                               0x080018e0   Section        0  ff.o(i.chk_lock)
    chk_lock                                 0x080018e1   Thumb Code   100  ff.o(i.chk_lock)
    i.clear_lock                             0x08001948   Section        0  ff.o(i.clear_lock)
    clear_lock                               0x08001949   Thumb Code    32  ff.o(i.clear_lock)
    i.clmt_clust                             0x0800196c   Section        0  ff.o(i.clmt_clust)
    clmt_clust                               0x0800196d   Thumb Code    46  ff.o(i.clmt_clust)
    i.clust2sect                             0x0800199a   Section        0  ff.o(i.clust2sect)
    i.create_chain                           0x080019b6   Section        0  ff.o(i.create_chain)
    create_chain                             0x080019b7   Thumb Code   164  ff.o(i.create_chain)
    i.create_name                            0x08001a5c   Section        0  ff.o(i.create_name)
    create_name                              0x08001a5d   Thumb Code   492  ff.o(i.create_name)
    i.dec_lock                               0x08001c60   Section        0  ff.o(i.dec_lock)
    dec_lock                                 0x08001c61   Thumb Code    54  ff.o(i.dec_lock)
    i.dir_find                               0x08001c9c   Section        0  ff.o(i.dir_find)
    dir_find                                 0x08001c9d   Thumb Code   314  ff.o(i.dir_find)
    i.dir_next                               0x08001ddc   Section        0  ff.o(i.dir_next)
    dir_next                                 0x08001ddd   Thumb Code   284  ff.o(i.dir_next)
    i.dir_register                           0x08001ef8   Section        0  ff.o(i.dir_register)
    dir_register                             0x08001ef9   Thumb Code   444  ff.o(i.dir_register)
    i.dir_sdi                                0x080020b8   Section        0  ff.o(i.dir_sdi)
    dir_sdi                                  0x080020b9   Thumb Code   154  ff.o(i.dir_sdi)
    i.disk_initialize                        0x08002154   Section        0  diskio.o(i.disk_initialize)
    i.disk_ioctl                             0x0800217c   Section        0  diskio.o(i.disk_ioctl)
    i.disk_read                              0x08002198   Section        0  diskio.o(i.disk_read)
    i.disk_status                            0x080021b4   Section        0  diskio.o(i.disk_status)
    i.disk_write                             0x080021cc   Section        0  diskio.o(i.disk_write)
    i.f_close                                0x080021e8   Section        0  ff.o(i.f_close)
    i.f_getfree                              0x08002212   Section        0  ff.o(i.f_getfree)
    i.f_gets                                 0x080022d4   Section        0  ff.o(i.f_gets)
    i.f_mount                                0x0800231c   Section        0  ff.o(i.f_mount)
    i.f_open                                 0x08002380   Section        0  ff.o(i.f_open)
    i.f_puts                                 0x08002570   Section        0  ff.o(i.f_puts)
    i.f_read                                 0x080025b6   Section        0  ff.o(i.f_read)
    i.f_sync                                 0x08002744   Section        0  ff.o(i.f_sync)
    i.f_write                                0x080027e6   Section        0  ff.o(i.f_write)
    i.ff_convert                             0x080029ac   Section        0  ccsbcs.o(i.ff_convert)
    i.ff_wtoupper                            0x080029e4   Section        0  ccsbcs.o(i.ff_wtoupper)
    i.find_volume                            0x08002a08   Section        0  ff.o(i.find_volume)
    find_volume                              0x08002a09   Thumb Code   606  ff.o(i.find_volume)
    i.follow_path                            0x08002c74   Section        0  ff.o(i.follow_path)
    follow_path                              0x08002c75   Thumb Code   106  ff.o(i.follow_path)
    i.gen_numname                            0x08002ce0   Section        0  ff.o(i.gen_numname)
    gen_numname                              0x08002ce1   Thumb Code   122  ff.o(i.gen_numname)
    i.get_fat                                0x08002d60   Section        0  ff.o(i.get_fat)
    i.get_fattime                            0x08002e46   Section        0  fatfs.o(i.get_fattime)
    i.get_ldnumber                           0x08002e4a   Section        0  ff.o(i.get_ldnumber)
    get_ldnumber                             0x08002e4b   Thumb Code    60  ff.o(i.get_ldnumber)
    i.inc_lock                               0x08002e88   Section        0  ff.o(i.inc_lock)
    inc_lock                                 0x08002e89   Thumb Code   146  ff.o(i.inc_lock)
    i.ld_clust                               0x08002f20   Section        0  ff.o(i.ld_clust)
    ld_clust                                 0x08002f21   Thumb Code    22  ff.o(i.ld_clust)
    i.main                                   0x08002f38   Section        0  main.o(i.main)
    i.mem_cpy                                0x08003060   Section        0  ff.o(i.mem_cpy)
    mem_cpy                                  0x08003061   Thumb Code    18  ff.o(i.mem_cpy)
    i.mem_set                                0x08003072   Section        0  ff.o(i.mem_set)
    mem_set                                  0x08003073   Thumb Code    14  ff.o(i.mem_set)
    i.move_window                            0x08003080   Section        0  ff.o(i.move_window)
    move_window                              0x08003081   Thumb Code    56  ff.o(i.move_window)
    i.put_fat                                0x080030b8   Section        0  ff.o(i.put_fat)
    i.putc_bfd                               0x080031d6   Section        0  ff.o(i.putc_bfd)
    putc_bfd                                 0x080031d7   Thumb Code    70  ff.o(i.putc_bfd)
    i.remove_chain                           0x0800321c   Section        0  ff.o(i.remove_chain)
    remove_chain                             0x0800321d   Thumb Code   102  ff.o(i.remove_chain)
    i.st_clust                               0x08003282   Section        0  ff.o(i.st_clust)
    st_clust                                 0x08003283   Thumb Code    16  ff.o(i.st_clust)
    i.sum_sfn                                0x08003292   Section        0  ff.o(i.sum_sfn)
    sum_sfn                                  0x08003293   Thumb Code    26  ff.o(i.sum_sfn)
    i.sync_fs                                0x080032ac   Section        0  ff.o(i.sync_fs)
    sync_fs                                  0x080032ad   Thumb Code   168  ff.o(i.sync_fs)
    i.sync_window                            0x08003354   Section        0  ff.o(i.sync_window)
    sync_window                              0x08003355   Thumb Code    82  ff.o(i.sync_window)
    i.validate                               0x080033a6   Section        0  ff.o(i.validate)
    validate                                 0x080033a7   Thumb Code    42  ff.o(i.validate)
    .constdata                               0x080033d0   Section       16  system_stm32f1xx.o(.constdata)
    .constdata                               0x080033e0   Section      186  ff.o(.constdata)
    ExCvt                                    0x080033e0   Data         128  ff.o(.constdata)
    LfnOfs                                   0x08003460   Data          13  ff.o(.constdata)
    vst                                      0x0800346e   Data          22  ff.o(.constdata)
    cst                                      0x08003484   Data          22  ff.o(.constdata)
    .constdata                               0x0800349a   Section     1216  ccsbcs.o(.constdata)
    Tbl                                      0x0800349a   Data         256  ccsbcs.o(.constdata)
    tbl_lower                                0x0800359a   Data         480  ccsbcs.o(.constdata)
    tbl_upper                                0x0800377a   Data         480  ccsbcs.o(.constdata)
    .data                                    0x20000000   Section       20  user_diskio.o(.data)
    .data                                    0x20000014   Section        5  fatfs.o(.data)
    .data                                    0x2000001c   Section       16  main.o(.data)
    .data                                    0x2000002c   Section        3  stm32f1xx_it.o(.data)
    .data                                    0x2000002f   Section        3  fatfs_sd.o(.data)
    Stat                                     0x2000002f   Data           1  fatfs_sd.o(.data)
    PowerFlag                                0x20000030   Data           1  fatfs_sd.o(.data)
    CardType                                 0x20000031   Data           1  fatfs_sd.o(.data)
    .data                                    0x20000034   Section        4  stm32f1xx_hal.o(.data)
    .data                                    0x20000038   Section        4  system_stm32f1xx.o(.data)
    .data                                    0x2000003c   Section        8  ff.o(.data)
    Fsid                                     0x2000003c   Data           2  ff.o(.data)
    FatFs                                    0x20000040   Data           4  ff.o(.data)
    .bss                                     0x20000044   Section     8472  main.o(.bss)
    .bss                                     0x2000215c   Section      536  ff.o(.bss)
    Files                                    0x2000215c   Data          24  ff.o(.bss)
    LfnBuf                                   0x20002174   Data         512  ff.o(.bss)
    .bss                                     0x20002374   Section       12  ff_gen_drv.o(.bss)
    STACK                                    0x20002380   Section     1024  startup_stm32f103xb.o(STACK)

    Global Symbols

    Symbol Name                              Value     Ov Type        Size  Object(Section)

    BuildAttributes$$THM_ISAv4$P$D$K$B$S$PE$A:L22UL41UL21$X:L11$S22US41US21$IEEE1$IW$USESV6$~STKCKD$USESV7$~SHL$OSPACE$ROPI$EBA8$MICROLIB$REQ8$PRES8$EABIv2 0x00000000   Number         0  anon$$obj.o ABSOLUTE
    __ARM_use_no_argv                        0x00000000   Number         0  main.o ABSOLUTE
    __cpp_initialize__aeabi_                  - Undefined Weak Reference
    __cxa_finalize                            - Undefined Weak Reference
    __decompress                              - Undefined Weak Reference
    _clock_init                               - Undefined Weak Reference
    _microlib_exit                            - Undefined Weak Reference
    __Vectors_Size                           0x000000ec   Number         0  startup_stm32f103xb.o ABSOLUTE
    __Vectors                                0x08000000   Data           4  startup_stm32f103xb.o(RESET)
    __Vectors_End                            0x080000ec   Data           0  startup_stm32f103xb.o(RESET)
    __main                                   0x080000ed   Thumb Code     0  entry.o(.ARM.Collect$$$$00000000)
    _main_stk                                0x080000ed   Thumb Code     0  entry2.o(.ARM.Collect$$$$00000001)
    _main_scatterload                        0x080000f1   Thumb Code     0  entry5.o(.ARM.Collect$$$$00000004)
    __main_after_scatterload                 0x080000f5   Thumb Code     0  entry5.o(.ARM.Collect$$$$00000004)
    _main_clock                              0x080000f5   Thumb Code     0  entry7b.o(.ARM.Collect$$$$00000008)
    _main_cpp_init                           0x080000f5   Thumb Code     0  entry8b.o(.ARM.Collect$$$$0000000A)
    _main_init                               0x080000f5   Thumb Code     0  entry9a.o(.ARM.Collect$$$$0000000B)
    __rt_final_cpp                           0x080000fd   Thumb Code     0  entry10a.o(.ARM.Collect$$$$0000000D)
    __rt_final_exit                          0x080000fd   Thumb Code     0  entry11a.o(.ARM.Collect$$$$0000000F)
    Reset_Handler                            0x08000101   Thumb Code     8  startup_stm32f103xb.o(.text)
    NMI_Handler                              0x08000109   Thumb Code     2  startup_stm32f103xb.o(.text)
    HardFault_Handler                        0x0800010b   Thumb Code     2  startup_stm32f103xb.o(.text)
    MemManage_Handler                        0x0800010d   Thumb Code     2  startup_stm32f103xb.o(.text)
    BusFault_Handler                         0x0800010f   Thumb Code     2  startup_stm32f103xb.o(.text)
    UsageFault_Handler                       0x08000111   Thumb Code     2  startup_stm32f103xb.o(.text)
    DebugMon_Handler                         0x08000115   Thumb Code     2  startup_stm32f103xb.o(.text)
    ADC1_2_IRQHandler                        0x0800011b   Thumb Code     0  startup_stm32f103xb.o(.text)
    CAN1_RX1_IRQHandler                      0x0800011b   Thumb Code     0  startup_stm32f103xb.o(.text)
    CAN1_SCE_IRQHandler                      0x0800011b   Thumb Code     0  startup_stm32f103xb.o(.text)
    DMA1_Channel1_IRQHandler                 0x0800011b   Thumb Code     0  startup_stm32f103xb.o(.text)
    DMA1_Channel2_IRQHandler                 0x0800011b   Thumb Code     0  startup_stm32f103xb.o(.text)
    DMA1_Channel3_IRQHandler                 0x0800011b   Thumb Code     0  startup_stm32f103xb.o(.text)
    DMA1_Channel4_IRQHandler                 0x0800011b   Thumb Code     0  startup_stm32f103xb.o(.text)
    DMA1_Channel5_IRQHandler                 0x0800011b   Thumb Code     0  startup_stm32f103xb.o(.text)
    DMA1_Channel6_IRQHandler                 0x0800011b   Thumb Code     0  startup_stm32f103xb.o(.text)
    DMA1_Channel7_IRQHandler                 0x0800011b   Thumb Code     0  startup_stm32f103xb.o(.text)
    EXTI0_IRQHandler                         0x0800011b   Thumb Code     0  startup_stm32f103xb.o(.text)
    EXTI15_10_IRQHandler                     0x0800011b   Thumb Code     0  startup_stm32f103xb.o(.text)
    EXTI1_IRQHandler                         0x0800011b   Thumb Code     0  startup_stm32f103xb.o(.text)
    EXTI2_IRQHandler                         0x0800011b   Thumb Code     0  startup_stm32f103xb.o(.text)
    EXTI3_IRQHandler                         0x0800011b   Thumb Code     0  startup_stm32f103xb.o(.text)
    EXTI4_IRQHandler                         0x0800011b   Thumb Code     0  startup_stm32f103xb.o(.text)
    EXTI9_5_IRQHandler                       0x0800011b   Thumb Code     0  startup_stm32f103xb.o(.text)
    FLASH_IRQHandler                         0x0800011b   Thumb Code     0  startup_stm32f103xb.o(.text)
    I2C1_ER_IRQHandler                       0x0800011b   Thumb Code     0  startup_stm32f103xb.o(.text)
    I2C1_EV_IRQHandler                       0x0800011b   Thumb Code     0  startup_stm32f103xb.o(.text)
    I2C2_ER_IRQHandler                       0x0800011b   Thumb Code     0  startup_stm32f103xb.o(.text)
    I2C2_EV_IRQHandler                       0x0800011b   Thumb Code     0  startup_stm32f103xb.o(.text)
    PVD_IRQHandler                           0x0800011b   Thumb Code     0  startup_stm32f103xb.o(.text)
    RCC_IRQHandler                           0x0800011b   Thumb Code     0  startup_stm32f103xb.o(.text)
    RTC_Alarm_IRQHandler                     0x0800011b   Thumb Code     0  startup_stm32f103xb.o(.text)
    RTC_IRQHandler                           0x0800011b   Thumb Code     0  startup_stm32f103xb.o(.text)
    SPI1_IRQHandler                          0x0800011b   Thumb Code     0  startup_stm32f103xb.o(.text)
    SPI2_IRQHandler                          0x0800011b   Thumb Code     0  startup_stm32f103xb.o(.text)
    TAMPER_IRQHandler                        0x0800011b   Thumb Code     0  startup_stm32f103xb.o(.text)
    TIM1_BRK_IRQHandler                      0x0800011b   Thumb Code     0  startup_stm32f103xb.o(.text)
    TIM1_CC_IRQHandler                       0x0800011b   Thumb Code     0  startup_stm32f103xb.o(.text)
    TIM1_TRG_COM_IRQHandler                  0x0800011b   Thumb Code     0  startup_stm32f103xb.o(.text)
    TIM1_UP_IRQHandler                       0x0800011b   Thumb Code     0  startup_stm32f103xb.o(.text)
    TIM2_IRQHandler                          0x0800011b   Thumb Code     0  startup_stm32f103xb.o(.text)
    TIM3_IRQHandler                          0x0800011b   Thumb Code     0  startup_stm32f103xb.o(.text)
    TIM4_IRQHandler                          0x0800011b   Thumb Code     0  startup_stm32f103xb.o(.text)
    USART1_IRQHandler                        0x0800011b   Thumb Code     0  startup_stm32f103xb.o(.text)
    USART2_IRQHandler                        0x0800011b   Thumb Code     0  startup_stm32f103xb.o(.text)
    USART3_IRQHandler                        0x0800011b   Thumb Code     0  startup_stm32f103xb.o(.text)
    USBWakeUp_IRQHandler                     0x0800011b   Thumb Code     0  startup_stm32f103xb.o(.text)
    USB_HP_CAN1_TX_IRQHandler                0x0800011b   Thumb Code     0  startup_stm32f103xb.o(.text)
    USB_LP_CAN1_RX0_IRQHandler               0x0800011b   Thumb Code     0  startup_stm32f103xb.o(.text)
    WWDG_IRQHandler                          0x0800011b   Thumb Code     0  startup_stm32f103xb.o(.text)
    __aeabi_llsr                             0x08000125   Thumb Code    32  llushr.o(.text)
    _ll_ushift_r                             0x08000125   Thumb Code     0  llushr.o(.text)
    __ARM_scalbn                             0x08000145   Thumb Code    46  dscalb.o(.text)
    scalbn                                   0x08000145   Thumb Code     0  dscalb.o(.text)
    __aeabi_ui2d                             0x08000173   Thumb Code    26  dfltui.o(.text)
    __aeabi_d2uiz                            0x0800018d   Thumb Code    50  dfixui.o(.text)
    __I$use$fp                               0x080001bf   Thumb Code     0  iusefp.o(.text)
    _double_round                            0x080001bf   Thumb Code    30  depilogue.o(.text)
    _double_epilogue                         0x080001dd   Thumb Code   156  depilogue.o(.text)
    __scatterload                            0x08000279   Thumb Code    28  init.o(.text)
    __scatterload_rt2                        0x08000279   Thumb Code     0  init.o(.text)
    __aeabi_llsl                             0x0800029d   Thumb Code    30  llshl.o(.text)
    _ll_shift_l                              0x0800029d   Thumb Code     0  llshl.o(.text)
    FATFS_LinkDriver                         0x080002cd   Thumb Code     6  ff_gen_drv.o(i.FATFS_LinkDriver)
    FATFS_LinkDriverEx                       0x080002d5   Thumb Code    60  ff_gen_drv.o(i.FATFS_LinkDriverEx)
    HAL_GPIO_Init                            0x08000315   Thumb Code   408  stm32f1xx_hal_gpio.o(i.HAL_GPIO_Init)
    HAL_GPIO_WritePin                        0x080004d1   Thumb Code    10  stm32f1xx_hal_gpio.o(i.HAL_GPIO_WritePin)
    HAL_GetTick                              0x080004dd   Thumb Code     6  stm32f1xx_hal.o(i.HAL_GetTick)
    HAL_IncTick                              0x080004e9   Thumb Code    10  stm32f1xx_hal.o(i.HAL_IncTick)
    HAL_Init                                 0x080004f9   Thumb Code    32  stm32f1xx_hal.o(i.HAL_Init)
    HAL_InitTick                             0x0800051d   Thumb Code    34  stm32f1xx_hal.o(i.HAL_InitTick)
    HAL_MspInit                              0x08000545   Thumb Code   122  stm32f1xx_hal_msp.o(i.HAL_MspInit)
    HAL_NVIC_SetPriority                     0x080005c9   Thumb Code    60  stm32f1xx_hal_cortex.o(i.HAL_NVIC_SetPriority)
    HAL_NVIC_SetPriorityGrouping             0x08000609   Thumb Code    26  stm32f1xx_hal_cortex.o(i.HAL_NVIC_SetPriorityGrouping)
    HAL_RCC_ClockConfig                      0x0800062d   Thumb Code   322  stm32f1xx_hal_rcc.o(i.HAL_RCC_ClockConfig)
    HAL_RCC_GetHCLKFreq                      0x08000781   Thumb Code     6  stm32f1xx_hal_rcc.o(i.HAL_RCC_GetHCLKFreq)
    HAL_RCC_GetSysClockFreq                  0x0800078d   Thumb Code    74  stm32f1xx_hal_rcc.o(i.HAL_RCC_GetSysClockFreq)
    HAL_RCC_OscConfig                        0x080007f9   Thumb Code   750  stm32f1xx_hal_rcc.o(i.HAL_RCC_OscConfig)
    HAL_SPI_GetState                         0x08000afd   Thumb Code     6  stm32f1xx_hal_spi.o(i.HAL_SPI_GetState)
    HAL_SPI_Init                             0x08000b03   Thumb Code   130  stm32f1xx_hal_spi_ex.o(i.HAL_SPI_Init)
    HAL_SPI_MspInit                          0x08000b85   Thumb Code    74  stm32f1xx_hal_msp.o(i.HAL_SPI_MspInit)
    HAL_SPI_Transmit                         0x08000bdd   Thumb Code   360  stm32f1xx_hal_spi.o(i.HAL_SPI_Transmit)
    HAL_SPI_TransmitReceive                  0x08000d45   Thumb Code   472  stm32f1xx_hal_spi.o(i.HAL_SPI_TransmitReceive)
    HAL_SYSTICK_CLKSourceConfig              0x08000f1d   Thumb Code    24  stm32f1xx_hal_cortex.o(i.HAL_SYSTICK_CLKSourceConfig)
    HAL_SYSTICK_Callback                     0x08000f35   Thumb Code     2  stm32f1xx_hal_cortex.o(i.HAL_SYSTICK_Callback)
    HAL_SYSTICK_Config                       0x08000f37   Thumb Code    40  stm32f1xx_hal_cortex.o(i.HAL_SYSTICK_Config)
    HAL_SYSTICK_IRQHandler                   0x08000f5f   Thumb Code     8  stm32f1xx_hal_cortex.o(i.HAL_SYSTICK_IRQHandler)
    MX_FATFS_Init                            0x08000f69   Thumb Code    18  fatfs.o(i.MX_FATFS_Init)
    PendSV_Handler                           0x0800108d   Thumb Code     2  stm32f1xx_it.o(i.PendSV_Handler)
    SDTimer_Handler                          0x08001091   Thumb Code    26  stm32f1xx_it.o(i.SDTimer_Handler)
    SD_disk_initialize                       0x0800126d   Thumb Code   304  fatfs_sd.o(i.SD_disk_initialize)
    SD_disk_ioctl                            0x080013a5   Thumb Code   318  fatfs_sd.o(i.SD_disk_ioctl)
    SD_disk_read                             0x080014e9   Thumb Code   146  fatfs_sd.o(i.SD_disk_read)
    SD_disk_status                           0x08001581   Thumb Code    12  fatfs_sd.o(i.SD_disk_status)
    SD_disk_write                            0x08001591   Thumb Code   178  fatfs_sd.o(i.SD_disk_write)
    SVC_Handler                              0x08001763   Thumb Code     2  stm32f1xx_it.o(i.SVC_Handler)
    SysTick_Handler                          0x08001765   Thumb Code    36  stm32f1xx_it.o(i.SysTick_Handler)
    SystemClock_Config                       0x0800178d   Thumb Code   104  main.o(i.SystemClock_Config)
    SystemInit                               0x080017f5   Thumb Code    56  system_stm32f1xx.o(i.SystemInit)
    USER_initialize                          0x0800183d   Thumb Code     4  user_diskio.o(i.USER_initialize)
    USER_ioctl                               0x08001841   Thumb Code     4  user_diskio.o(i.USER_ioctl)
    USER_read                                0x08001845   Thumb Code     4  user_diskio.o(i.USER_read)
    USER_status                              0x08001849   Thumb Code     4  user_diskio.o(i.USER_status)
    USER_write                               0x0800184d   Thumb Code     4  user_diskio.o(i.USER_write)
    __scatterload_copy                       0x08001851   Thumb Code    14  handlers.o(i.__scatterload_copy)
    __scatterload_null                       0x0800185f   Thumb Code     2  handlers.o(i.__scatterload_null)
    __scatterload_zeroinit                   0x08001861   Thumb Code    14  handlers.o(i.__scatterload_zeroinit)
    clust2sect                               0x0800199b   Thumb Code    28  ff.o(i.clust2sect)
    disk_initialize                          0x08002155   Thumb Code    36  diskio.o(i.disk_initialize)
    disk_ioctl                               0x0800217d   Thumb Code    24  diskio.o(i.disk_ioctl)
    disk_read                                0x08002199   Thumb Code    24  diskio.o(i.disk_read)
    disk_status                              0x080021b5   Thumb Code    18  diskio.o(i.disk_status)
    disk_write                               0x080021cd   Thumb Code    24  diskio.o(i.disk_write)
    f_close                                  0x080021e9   Thumb Code    42  ff.o(i.f_close)
    f_getfree                                0x08002213   Thumb Code   194  ff.o(i.f_getfree)
    f_gets                                   0x080022d5   Thumb Code    72  ff.o(i.f_gets)
    f_mount                                  0x0800231d   Thumb Code    94  ff.o(i.f_mount)
    f_open                                   0x08002381   Thumb Code   492  ff.o(i.f_open)
    f_puts                                   0x08002571   Thumb Code    70  ff.o(i.f_puts)
    f_read                                   0x080025b7   Thumb Code   398  ff.o(i.f_read)
    f_sync                                   0x08002745   Thumb Code   162  ff.o(i.f_sync)
    f_write                                  0x080027e7   Thumb Code   454  ff.o(i.f_write)
    ff_convert                               0x080029ad   Thumb Code    52  ccsbcs.o(i.ff_convert)
    ff_wtoupper                              0x080029e5   Thumb Code    28  ccsbcs.o(i.ff_wtoupper)
    get_fat                                  0x08002d61   Thumb Code   230  ff.o(i.get_fat)
    get_fattime                              0x08002e47   Thumb Code     4  fatfs.o(i.get_fattime)
    main                                     0x08002f39   Thumb Code   206  main.o(i.main)
    put_fat                                  0x080030b9   Thumb Code   286  ff.o(i.put_fat)
    AHBPrescTable                            0x080033d0   Data          16  system_stm32f1xx.o(.constdata)
    Region$$Table$$Base                      0x0800395c   Number         0  anon$$obj.o(Region$$Table)
    Region$$Table$$Limit                     0x0800397c   Number         0  anon$$obj.o(Region$$Table)
    USER_Driver                              0x20000000   Data          20  user_diskio.o(.data)
    retUSER                                  0x20000014   Data           1  fatfs.o(.data)
    USERPath                                 0x20000015   Data           4  fatfs.o(.data)
    pfs                                      0x2000001c   Data           4  main.o(.data)
    fre_clust                                0x20000020   Data           4  main.o(.data)
    total                                    0x20000024   Data           4  main.o(.data)
    free                                     0x20000028   Data           4  main.o(.data)
    FatFsCnt                                 0x2000002c   Data           1  stm32f1xx_it.o(.data)
    Timer1                                   0x2000002d   Data           1  stm32f1xx_it.o(.data)
    Timer2                                   0x2000002e   Data           1  stm32f1xx_it.o(.data)
    uwTick                                   0x20000034   Data           4  stm32f1xx_hal.o(.data)
    SystemCoreClock                          0x20000038   Data           4  system_stm32f1xx.o(.data)
    hspi1                                    0x20000044   Data          88  main.o(.bss)
    fs                                       0x2000009c   Data        4144  main.o(.bss)
    fil                                      0x200010cc   Data        4140  main.o(.bss)
    buffer                                   0x200020f8   Data         100  main.o(.bss)
    disk                                     0x20002374   Data          12  ff_gen_drv.o(.bss)
    __initial_sp                             0x20002780   Data           0  startup_stm32f103xb.o(STACK)



==============================================================================

Memory Map of the image

  Image Entry point : 0x080000ed

  Load Region LR_IROM1 (Base: 0x08000000, Size: 0x000039c0, Max: 0x00020000, ABSOLUTE)

    Execution Region ER_IROM1 (Exec base: 0x08000000, Load base: 0x08000000, Size: 0x0000397c, Max: 0x00020000, ABSOLUTE)

    Exec Addr    Load Addr    Size         Type   Attr      Idx    E Section Name        Object

    0x08000000   0x08000000   0x000000ec   Data   RO          434    RESET               startup_stm32f103xb.o
    0x080000ec   0x080000ec   0x00000000   Code   RO         2275  * .ARM.Collect$$$$00000000  mc_w.l(entry.o)
    0x080000ec   0x080000ec   0x00000004   Code   RO         2286    .ARM.Collect$$$$00000001  mc_w.l(entry2.o)
    0x080000f0   0x080000f0   0x00000004   Code   RO         2289    .ARM.Collect$$$$00000004  mc_w.l(entry5.o)
    0x080000f4   0x080000f4   0x00000000   Code   RO         2291    .ARM.Collect$$$$00000008  mc_w.l(entry7b.o)
    0x080000f4   0x080000f4   0x00000000   Code   RO         2293    .ARM.Collect$$$$0000000A  mc_w.l(entry8b.o)
    0x080000f4   0x080000f4   0x00000008   Code   RO         2294    .ARM.Collect$$$$0000000B  mc_w.l(entry9a.o)
    0x080000fc   0x080000fc   0x00000000   Code   RO         2296    .ARM.Collect$$$$0000000D  mc_w.l(entry10a.o)
    0x080000fc   0x080000fc   0x00000000   Code   RO         2298    .ARM.Collect$$$$0000000F  mc_w.l(entry11a.o)
    0x080000fc   0x080000fc   0x00000004   Code   RO         2287    .ARM.Collect$$$$00002712  mc_w.l(entry2.o)
    0x08000100   0x08000100   0x00000024   Code   RO          435    .text               startup_stm32f103xb.o
    0x08000124   0x08000124   0x00000020   Code   RO         2278    .text               mc_w.l(llushr.o)
    0x08000144   0x08000144   0x0000002e   Code   RO         2280    .text               mf_w.l(dscalb.o)
    0x08000172   0x08000172   0x0000001a   Code   RO         2282    .text               mf_w.l(dfltui.o)
    0x0800018c   0x0800018c   0x00000032   Code   RO         2284    .text               mf_w.l(dfixui.o)
    0x080001be   0x080001be   0x00000000   Code   RO         2300    .text               mc_w.l(iusefp.o)
    0x080001be   0x080001be   0x000000ba   Code   RO         2301    .text               mf_w.l(depilogue.o)
    0x08000278   0x08000278   0x00000024   Code   RO         2303    .text               mc_w.l(init.o)
    0x0800029c   0x0800029c   0x0000001e   Code   RO         2305    .text               mc_w.l(llshl.o)
    0x080002ba   0x080002ba   0x00000002   PAD
    0x080002bc   0x080002bc   0x00000010   Code   RO          339    i.DESELECT          fatfs_sd.o
    0x080002cc   0x080002cc   0x00000006   Code   RO         2228    i.FATFS_LinkDriver  ff_gen_drv.o
    0x080002d2   0x080002d2   0x00000002   PAD
    0x080002d4   0x080002d4   0x00000040   Code   RO         2229    i.FATFS_LinkDriverEx  ff_gen_drv.o
    0x08000314   0x08000314   0x000001bc   Code   RO          672    i.HAL_GPIO_Init     stm32f1xx_hal_gpio.o
    0x080004d0   0x080004d0   0x0000000a   Code   RO          676    i.HAL_GPIO_WritePin  stm32f1xx_hal_gpio.o
    0x080004da   0x080004da   0x00000002   PAD
    0x080004dc   0x080004dc   0x0000000c   Code   RO         1190    i.HAL_GetTick       stm32f1xx_hal.o
    0x080004e8   0x080004e8   0x00000010   Code   RO         1192    i.HAL_IncTick       stm32f1xx_hal.o
    0x080004f8   0x080004f8   0x00000024   Code   RO         1193    i.HAL_Init          stm32f1xx_hal.o
    0x0800051c   0x0800051c   0x00000028   Code   RO         1194    i.HAL_InitTick      stm32f1xx_hal.o
    0x08000544   0x08000544   0x00000084   Code   RO          255    i.HAL_MspInit       stm32f1xx_hal_msp.o
    0x080005c8   0x080005c8   0x00000040   Code   RO         1604    i.HAL_NVIC_SetPriority  stm32f1xx_hal_cortex.o
    0x08000608   0x08000608   0x00000024   Code   RO         1605    i.HAL_NVIC_SetPriorityGrouping  stm32f1xx_hal_cortex.o
    0x0800062c   0x0800062c   0x00000154   Code   RO          443    i.HAL_RCC_ClockConfig  stm32f1xx_hal_rcc.o
    0x08000780   0x08000780   0x0000000c   Code   RO          448    i.HAL_RCC_GetHCLKFreq  stm32f1xx_hal_rcc.o
    0x0800078c   0x0800078c   0x0000006c   Code   RO          452    i.HAL_RCC_GetSysClockFreq  stm32f1xx_hal_rcc.o
    0x080007f8   0x080007f8   0x00000304   Code   RO          455    i.HAL_RCC_OscConfig  stm32f1xx_hal_rcc.o
    0x08000afc   0x08000afc   0x00000006   Code   RO          865    i.HAL_SPI_GetState  stm32f1xx_hal_spi.o
    0x08000b02   0x08000b02   0x00000082   Code   RO         1320    i.HAL_SPI_Init      stm32f1xx_hal_spi_ex.o
    0x08000b84   0x08000b84   0x00000058   Code   RO          257    i.HAL_SPI_MspInit   stm32f1xx_hal_msp.o
    0x08000bdc   0x08000bdc   0x00000168   Code   RO          875    i.HAL_SPI_Transmit  stm32f1xx_hal_spi.o
    0x08000d44   0x08000d44   0x000001d8   Code   RO          876    i.HAL_SPI_TransmitReceive  stm32f1xx_hal_spi.o
    0x08000f1c   0x08000f1c   0x00000018   Code   RO         1607    i.HAL_SYSTICK_CLKSourceConfig  stm32f1xx_hal_cortex.o
    0x08000f34   0x08000f34   0x00000002   Code   RO         1608    i.HAL_SYSTICK_Callback  stm32f1xx_hal_cortex.o
    0x08000f36   0x08000f36   0x00000028   Code   RO         1609    i.HAL_SYSTICK_Config  stm32f1xx_hal_cortex.o
    0x08000f5e   0x08000f5e   0x00000008   Code   RO         1610    i.HAL_SYSTICK_IRQHandler  stm32f1xx_hal_cortex.o
    0x08000f66   0x08000f66   0x00000002   PAD
    0x08000f68   0x08000f68   0x0000001c   Code   RO          154    i.MX_FATFS_Init     fatfs.o
    0x08000f84   0x08000f84   0x000000a8   Code   RO          200    i.MX_GPIO_Init      main.o
    0x0800102c   0x0800102c   0x00000040   Code   RO          201    i.MX_SPI1_Init      main.o
    0x0800106c   0x0800106c   0x00000020   Code   RO         1611    i.NVIC_SetPriority  stm32f1xx_hal_cortex.o
    0x0800108c   0x0800108c   0x00000002   Code   RO          291    i.PendSV_Handler    stm32f1xx_it.o
    0x0800108e   0x0800108e   0x00000002   PAD
    0x08001090   0x08001090   0x00000020   Code   RO          292    i.SDTimer_Handler   stm32f1xx_it.o
    0x080010b0   0x080010b0   0x00000070   Code   RO          340    i.SD_PowerOn        fatfs_sd.o
    0x08001120   0x08001120   0x00000020   Code   RO          341    i.SD_ReadyWait      fatfs_sd.o
    0x08001140   0x08001140   0x00000050   Code   RO          342    i.SD_RxDataBlock    fatfs_sd.o
    0x08001190   0x08001190   0x0000006e   Code   RO          343    i.SD_SendCmd        fatfs_sd.o
    0x080011fe   0x080011fe   0x00000002   PAD
    0x08001200   0x08001200   0x0000006a   Code   RO          344    i.SD_TxDataBlock    fatfs_sd.o
    0x0800126a   0x0800126a   0x00000002   PAD
    0x0800126c   0x0800126c   0x00000138   Code   RO          345    i.SD_disk_initialize  fatfs_sd.o
    0x080013a4   0x080013a4   0x00000144   Code   RO          346    i.SD_disk_ioctl     fatfs_sd.o
    0x080014e8   0x080014e8   0x00000098   Code   RO          347    i.SD_disk_read      fatfs_sd.o
    0x08001580   0x08001580   0x00000010   Code   RO          348    i.SD_disk_status    fatfs_sd.o
    0x08001590   0x08001590   0x000000b8   Code   RO          349    i.SD_disk_write     fatfs_sd.o
    0x08001648   0x08001648   0x00000010   Code   RO          350    i.SELECT            fatfs_sd.o
    0x08001658   0x08001658   0x00000020   Code   RO          891    i.SPI_CheckFlag_BSY  stm32f1xx_hal_spi.o
    0x08001678   0x08001678   0x00000034   Code   RO          351    i.SPI_RxByte        fatfs_sd.o
    0x080016ac   0x080016ac   0x00000020   Code   RO          352    i.SPI_TxByte        fatfs_sd.o
    0x080016cc   0x080016cc   0x00000096   Code   RO          910    i.SPI_WaitFlagStateUntilTimeout  stm32f1xx_hal_spi.o
    0x08001762   0x08001762   0x00000002   Code   RO          293    i.SVC_Handler       stm32f1xx_it.o
    0x08001764   0x08001764   0x00000028   Code   RO          294    i.SysTick_Handler   stm32f1xx_it.o
    0x0800178c   0x0800178c   0x00000068   Code   RO          202    i.SystemClock_Config  main.o
    0x080017f4   0x080017f4   0x00000048   Code   RO         1732    i.SystemInit        system_stm32f1xx.o
    0x0800183c   0x0800183c   0x00000004   Code   RO            4    i.USER_initialize   user_diskio.o
    0x08001840   0x08001840   0x00000004   Code   RO            5    i.USER_ioctl        user_diskio.o
    0x08001844   0x08001844   0x00000004   Code   RO            6    i.USER_read         user_diskio.o
    0x08001848   0x08001848   0x00000004   Code   RO            7    i.USER_status       user_diskio.o
    0x0800184c   0x0800184c   0x00000004   Code   RO            8    i.USER_write        user_diskio.o
    0x08001850   0x08001850   0x0000000e   Code   RO         2309    i.__scatterload_copy  mc_w.l(handlers.o)
    0x0800185e   0x0800185e   0x00000002   Code   RO         2310    i.__scatterload_null  mc_w.l(handlers.o)
    0x08001860   0x08001860   0x0000000e   Code   RO         2311    i.__scatterload_zeroinit  mc_w.l(handlers.o)
    0x0800186e   0x0800186e   0x00000002   PAD
    0x08001870   0x08001870   0x00000060   Code   RO         1769    i.check_fs          ff.o
    0x080018d0   0x080018d0   0x00000010   Code   RO         1770    i.chk_chr           ff.o
    0x080018e0   0x080018e0   0x00000068   Code   RO         1771    i.chk_lock          ff.o
    0x08001948   0x08001948   0x00000024   Code   RO         1772    i.clear_lock        ff.o
    0x0800196c   0x0800196c   0x0000002e   Code   RO         1773    i.clmt_clust        ff.o
    0x0800199a   0x0800199a   0x0000001c   Code   RO         1774    i.clust2sect        ff.o
    0x080019b6   0x080019b6   0x000000a4   Code   RO         1775    i.create_chain      ff.o
    0x08001a5a   0x08001a5a   0x00000002   PAD
    0x08001a5c   0x08001a5c   0x00000204   Code   RO         1776    i.create_name       ff.o
    0x08001c60   0x08001c60   0x0000003c   Code   RO         1777    i.dec_lock          ff.o
    0x08001c9c   0x08001c9c   0x00000140   Code   RO         1778    i.dir_find          ff.o
    0x08001ddc   0x08001ddc   0x0000011c   Code   RO         1779    i.dir_next          ff.o
    0x08001ef8   0x08001ef8   0x000001c0   Code   RO         1781    i.dir_register      ff.o
    0x080020b8   0x080020b8   0x0000009a   Code   RO         1783    i.dir_sdi           ff.o
    0x08002152   0x08002152   0x00000002   PAD
    0x08002154   0x08002154   0x00000028   Code   RO         2172    i.disk_initialize   diskio.o
    0x0800217c   0x0800217c   0x0000001c   Code   RO         2173    i.disk_ioctl        diskio.o
    0x08002198   0x08002198   0x0000001c   Code   RO         2174    i.disk_read         diskio.o
    0x080021b4   0x080021b4   0x00000018   Code   RO         2175    i.disk_status       diskio.o
    0x080021cc   0x080021cc   0x0000001c   Code   RO         2176    i.disk_write        diskio.o
    0x080021e8   0x080021e8   0x0000002a   Code   RO         1785    i.f_close           ff.o
    0x08002212   0x08002212   0x000000c2   Code   RO         1787    i.f_getfree         ff.o
    0x080022d4   0x080022d4   0x00000048   Code   RO         1788    i.f_gets            ff.o
    0x0800231c   0x0800231c   0x00000064   Code   RO         1792    i.f_mount           ff.o
    0x08002380   0x08002380   0x000001f0   Code   RO         1793    i.f_open            ff.o
    0x08002570   0x08002570   0x00000046   Code   RO         1797    i.f_puts            ff.o
    0x080025b6   0x080025b6   0x0000018e   Code   RO         1798    i.f_read            ff.o
    0x08002744   0x08002744   0x000000a2   Code   RO         1802    i.f_sync            ff.o
    0x080027e6   0x080027e6   0x000001c6   Code   RO         1806    i.f_write           ff.o
    0x080029ac   0x080029ac   0x00000038   Code   RO         2109    i.ff_convert        ccsbcs.o
    0x080029e4   0x080029e4   0x00000024   Code   RO         2110    i.ff_wtoupper       ccsbcs.o
    0x08002a08   0x08002a08   0x0000026c   Code   RO         1807    i.find_volume       ff.o
    0x08002c74   0x08002c74   0x0000006a   Code   RO         1808    i.follow_path       ff.o
    0x08002cde   0x08002cde   0x00000002   PAD
    0x08002ce0   0x08002ce0   0x00000080   Code   RO         1809    i.gen_numname       ff.o
    0x08002d60   0x08002d60   0x000000e6   Code   RO         1810    i.get_fat           ff.o
    0x08002e46   0x08002e46   0x00000004   Code   RO          155    i.get_fattime       fatfs.o
    0x08002e4a   0x08002e4a   0x0000003c   Code   RO         1812    i.get_ldnumber      ff.o
    0x08002e86   0x08002e86   0x00000002   PAD
    0x08002e88   0x08002e88   0x00000098   Code   RO         1813    i.inc_lock          ff.o
    0x08002f20   0x08002f20   0x00000016   Code   RO         1814    i.ld_clust          ff.o
    0x08002f36   0x08002f36   0x00000002   PAD
    0x08002f38   0x08002f38   0x00000128   Code   RO          204    i.main              main.o
    0x08003060   0x08003060   0x00000012   Code   RO         1815    i.mem_cpy           ff.o
    0x08003072   0x08003072   0x0000000e   Code   RO         1816    i.mem_set           ff.o
    0x08003080   0x08003080   0x00000038   Code   RO         1817    i.move_window       ff.o
    0x080030b8   0x080030b8   0x0000011e   Code   RO         1818    i.put_fat           ff.o
    0x080031d6   0x080031d6   0x00000046   Code   RO         1819    i.putc_bfd          ff.o
    0x0800321c   0x0800321c   0x00000066   Code   RO         1820    i.remove_chain      ff.o
    0x08003282   0x08003282   0x00000010   Code   RO         1821    i.st_clust          ff.o
    0x08003292   0x08003292   0x0000001a   Code   RO         1822    i.sum_sfn           ff.o
    0x080032ac   0x080032ac   0x000000a8   Code   RO         1823    i.sync_fs           ff.o
    0x08003354   0x08003354   0x00000052   Code   RO         1824    i.sync_window       ff.o
    0x080033a6   0x080033a6   0x0000002a   Code   RO         1825    i.validate          ff.o
    0x080033d0   0x080033d0   0x00000010   Data   RO         1733    .constdata          system_stm32f1xx.o
    0x080033e0   0x080033e0   0x000000ba   Data   RO         1827    .constdata          ff.o
    0x0800349a   0x0800349a   0x000004c0   Data   RO         2111    .constdata          ccsbcs.o
    0x0800395a   0x0800395a   0x00000002   PAD
    0x0800395c   0x0800395c   0x00000020   Data   RO         2307    Region$$Table       anon$$obj.o


    Execution Region RW_IRAM1 (Exec base: 0x20000000, Load base: 0x0800397c, Size: 0x00002780, Max: 0x00005000, ABSOLUTE)

    Exec Addr    Load Addr    Size         Type   Attr      Idx    E Section Name        Object

    0x20000000   0x0800397c   0x00000014   Data   RW            9    .data               user_diskio.o
    0x20000014   0x08003990   0x00000005   Data   RW          158    .data               fatfs.o
    0x20000019   0x08003995   0x00000003   PAD
    0x2000001c   0x08003998   0x00000010   Data   RW          206    .data               main.o
    0x2000002c   0x080039a8   0x00000003   Data   RW          295    .data               stm32f1xx_it.o
    0x2000002f   0x080039ab   0x00000003   Data   RW          353    .data               fatfs_sd.o
    0x20000032   0x080039ae   0x00000002   PAD
    0x20000034   0x080039b0   0x00000004   Data   RW         1199    .data               stm32f1xx_hal.o
    0x20000038   0x080039b4   0x00000004   Data   RW         1735    .data               system_stm32f1xx.o
    0x2000003c   0x080039b8   0x00000008   Data   RW         1828    .data               ff.o
    0x20000044        -       0x00002118   Zero   RW          205    .bss                main.o
    0x2000215c        -       0x00000218   Zero   RW         1826    .bss                ff.o
    0x20002374        -       0x0000000c   Zero   RW         2232    .bss                ff_gen_drv.o
    0x20002380        -       0x00000400   Zero   RW          432    STACK               startup_stm32f103xb.o


==============================================================================

Image component sizes


      Code (inc. data)   RO Data    RW Data    ZI Data      Debug   Object Name

        92         12       1216          0          0       2435   ccsbcs.o
       148         22          0          0          0       3505   diskio.o
        32         10          0          5          0       1400   fatfs.o
      1544         62          0          3          0      10043   fatfs_sd.o
      6458         90        186          8        536      40909   ff.o
        70          4          0          0         12       1543   ff_gen_drv.o
       632        114          0         16       8472       3437   main.o
        36          8        236          0       1024        756   startup_stm32f103xb.o
       104         22          0          4          0       3011   stm32f1xx_hal.o
       206         14          0          0          0      26652   stm32f1xx_hal_cortex.o
       454         36          0          0          0       2836   stm32f1xx_hal_gpio.o
       220         24          0          0          0       1460   stm32f1xx_hal_msp.o
      1232         80          0          0          0       4438   stm32f1xx_hal_rcc.o
      1020          0          0          0          0       5352   stm32f1xx_hal_spi.o
       130          0          0          0          0       1039   stm32f1xx_hal_spi_ex.o
        76         10          0          3          0       2380   stm32f1xx_it.o
        72         16         16          4          0       1115   system_stm32f1xx.o
        20          0          0         20          0     408800   user_diskio.o

    ----------------------------------------------------------------------
     12568        524       1688         68      10044     521111   Object Totals
         0          0         32          0          0          0   (incl. Generated)
        22          0          2          5          0          0   (incl. Padding)

    ----------------------------------------------------------------------

      Code (inc. data)   RO Data    RW Data    ZI Data      Debug   Library Member Name

         0          0          0          0          0          0   entry.o
         0          0          0          0          0          0   entry10a.o
         0          0          0          0          0          0   entry11a.o
         8          4          0          0          0          0   entry2.o
         4          0          0          0          0          0   entry5.o
         0          0          0          0          0          0   entry7b.o
         0          0          0          0          0          0   entry8b.o
         8          4          0          0          0          0   entry9a.o
        30          0          0          0          0          0   handlers.o
        36          8          0          0          0         68   init.o
         0          0          0          0          0          0   iusefp.o
        30          0          0          0          0         68   llshl.o
        32          0          0          0          0         68   llushr.o
       186          0          0          0          0        176   depilogue.o
        50          0          0          0          0         76   dfixui.o
        26          0          0          0          0         76   dfltui.o
        46          0          0          0          0         80   dscalb.o

    ----------------------------------------------------------------------
       460         16          0          0          0        612   Library Totals
         4          0          0          0          0          0   (incl. Padding)

    ----------------------------------------------------------------------

      Code (inc. data)   RO Data    RW Data    ZI Data      Debug   Library Name

       148         16          0          0          0        204   mc_w.l
       308          0          0          0          0        408   mf_w.l

    ----------------------------------------------------------------------
       460         16          0          0          0        612   Library Totals

    ----------------------------------------------------------------------

==============================================================================


      Code (inc. data)   RO Data    RW Data    ZI Data      Debug   

     13028        540       1688         68      10044     516415   Grand Totals
     13028        540       1688         68      10044     516415   ELF Image Totals
     13028        540       1688         68          0          0   ROM Totals

==============================================================================

    Total RO  Size (Code + RO Data)                14716 (  14.37kB)
    Total RW  Size (RW Data + ZI Data)             10112 (   9.88kB)
    Total ROM Size (Code + RO Data + RW Data)      14784 (  14.44kB)

==============================================================================

